#
# There is insufficient memory for the Java Runtime Environment to continue.
# Native memory allocation (malloc) failed to allocate 1149616 bytes. Error detail: Chunk::new
# Possible reasons:
#   The system is out of physical RAM or swap space
#   This process is running with CompressedOops enabled, and the Java Heap may be blocking the growth of the native heap
# Possible solutions:
#   Reduce memory load on the system
#   Increase physical memory or swap space
#   Check if swap backing store is full
#   Decrease Java heap size (-Xmx/-Xms)
#   Decrease number of Java threads
#   Decrease Java thread stack sizes (-Xss)
#   Set larger code cache with -XX:ReservedCodeCacheSize=
#   JVM is running with Unscaled Compressed Oops mode in which the Java heap is
#     placed in the first 4GB address space. The Java Heap base address is the
#     maximum limit for the native heap growth. Please use -XX:HeapBaseMinAddress
#     to set the Java Heap base and to place the Java Heap above 4GB virtual address.
# This output file may be truncated or incomplete.
#
#  Out of Memory Error (arena.cpp:168), pid=5528, tid=37192
#
# JRE version: OpenJDK Runtime Environment Temurin-21.0.11+10 (21.0.11+10) (build 21.0.11+10-LTS)
# Java VM: OpenJDK 64-Bit Server VM Temurin-21.0.11+10 (21.0.11+10-LTS, mixed mode, sharing, tiered, compressed oops, compressed class ptrs, parallel gc, windows-amd64)
# No core dump will be written. Minidumps are not enabled by default on client versions of Windows
#

---------------  S U M M A R Y ------------

Command Line: --add-modules=ALL-SYSTEM --add-opens=java.base/java.util=ALL-UNNAMED --add-opens=java.base/java.lang=ALL-UNNAMED --add-opens=java.base/sun.nio.fs=ALL-UNNAMED -Declipse.application=org.eclipse.jdt.ls.core.id1 -Dosgi.bundles.defaultStartLevel=4 -Declipse.product=org.eclipse.jdt.ls.core.product -Djava.import.generatesMetadataFilesAtProjectRoot=false -DDetectVMInstallationsJob.disabled=true -Dfile.encoding=utf8 -XX:+UseParallelGC -XX:GCTimeRatio=4 -XX:AdaptiveSizePolicyWeight=90 -Dsun.zip.disableMemoryMapping=true -Xmx2G -Xms100m -Xlog:disable -javaagent:c:\Users\nikslap\.vscode\extensions\redhat.java-1.55.0-win32-x64\lombok\lombok-1.18.39-4050.jar -XX:+HeapDumpOnOutOfMemoryError -XX:HeapDumpPath=c:\Users\nikslap\AppData\Roaming\Code\User\workspaceStorage\676dae2b1e927033bcc52fcc65f2629c\redhat.java -Daether.dependencyCollector.impl=bf c:\Users\nikslap\.vscode\extensions\redhat.java-1.55.0-win32-x64\server\plugins\org.eclipse.equinox.launcher_1.7.200.v20260619-2039.jar -configuration c:\Users\nikslap\AppData\Roaming\Code\User\globalStorage\redhat.java\1.55.0\config_win -data c:\Users\nikslap\AppData\Roaming\Code\User\workspaceStorage\676dae2b1e927033bcc52fcc65f2629c\redhat.java\jdt_ws --pipe=\\.\pipe\lsp-448503c9a68abbb978e543d155ecd114-sock

Host: AMD Ryzen 7 7435HS                             , 16 cores, 15G,  Windows 11 , 64 bit Build 26100 (10.0.26100.8875)
Time: Fri Jul 24 16:05:30 2026 India Standard Time elapsed time: 68.326004 seconds (0d 0h 1m 8s)

---------------  T H R E A D  ---------------

Current thread (0x0000017b645f53e0):  JavaThread "C2 CompilerThread0" daemon [_thread_in_native, id=37192, stack(0x0000004b05900000,0x0000004b05a00000) (1024K)]


Current CompileTask:
C2:68326 19067 %     4       org.eclipse.jdt.internal.core.search.indexing.BinaryIndexer::extractReferenceFromConstantPool @ 15 (358 bytes)

Stack: [0x0000004b05900000,0x0000004b05a00000]
Native frames: (J=compiled Java code, j=interpreted, Vv=VM code, C=native code)
V  [jvm.dll+0x6d7e19]
V  [jvm.dll+0x8b5096]
V  [jvm.dll+0x8b764e]
V  [jvm.dll+0x8b7d33]
V  [jvm.dll+0x284596]
V  [jvm.dll+0xc685d]
V  [jvm.dll+0xc6da1]
V  [jvm.dll+0x2fb4ee]
V  [jvm.dll+0x5fe9a4]
V  [jvm.dll+0x255d67]
V  [jvm.dll+0x25612d]
V  [jvm.dll+0x24e6a0]
V  [jvm.dll+0x24bbe6]
V  [jvm.dll+0x1cb4ae]
V  [jvm.dll+0x25baad]
V  [jvm.dll+0x25a03a]
V  [jvm.dll+0x3f868e]
V  [jvm.dll+0x85fb0d]
V  [jvm.dll+0x6d664d]
C  [ucrtbase.dll+0x2cd30]
C  [KERNEL32.DLL+0x2e957]
C  [ntdll.dll+0xaad6c]


---------------  P R O C E S S  ---------------

Threads class SMR info:
_java_thread_list=0x0000017b77a0e900, length=109, elements={
0x0000017b4c78fe60, 0x0000017b63219380, 0x0000017b6321a680, 0x0000017b63220d20,
0x0000017b63222c40, 0x0000017b63224dc0, 0x0000017b63229be0, 0x0000017b645f53e0,
0x0000017b645e5ac0, 0x0000017b64868550, 0x0000017b648413f0, 0x0000017b6a745f80,
0x0000017b6a6f06e0, 0x0000017b6aa3b030, 0x0000017b6a9b1650, 0x0000017b6aed7f80,
0x0000017b6b1fee80, 0x0000017b6a09fdf0, 0x0000017b6a0a0480, 0x0000017b6a09ea40,
0x0000017b6a09f760, 0x0000017b6a09f0d0, 0x0000017b6a09d000, 0x0000017b6a09d690,
0x0000017b6a09dd20, 0x0000017b6cf894a0, 0x0000017b6cf8a1c0, 0x0000017b6cf89b30,
0x0000017b6cf8aee0, 0x0000017b6cf88e10, 0x0000017b6cf880f0, 0x0000017b6cf8a850,
0x0000017b6cf8b570, 0x0000017b6cf88780, 0x0000017b6c11c500, 0x0000017b6c11f2f0,
0x0000017b6c11cb90, 0x0000017b6c11d8b0, 0x0000017b6c1206a0, 0x0000017b6c11ec60,
0x0000017b6c11d220, 0x0000017b6c1213c0, 0x0000017b6c11f980, 0x0000017b6c11df40,
0x0000017b6c120d30, 0x0000017b6c11e5d0, 0x0000017b6c0b6700, 0x0000017b6c0b4630,
0x0000017b6c0b8140, 0x0000017b6c0b94f0, 0x0000017b6c0ba8a0, 0x0000017b6c0b9b80,
0x0000017b6c0ba210, 0x0000017b6c123490, 0x0000017b6a50ed40, 0x0000017b6aeda710,
0x0000017b6aedb430, 0x0000017b6aedbac0, 0x0000017b6aed8640, 0x0000017b6aedc150,
0x0000017b6aedada0, 0x0000017b6aed99f0, 0x0000017b6aedc7e0, 0x0000017b6aed9360,
0x0000017b6aedd500, 0x0000017b6aede8b0, 0x0000017b6aedef40, 0x0000017b6aedf5d0,
0x0000017b6aeddb90, 0x0000017b6aedfc60, 0x0000017b6aedce70, 0x0000017b6aede220,
0x0000017b700220e0, 0x0000017b70022770, 0x0000017b6b6061f0, 0x0000017b70020d30,
0x0000017b700206a0, 0x0000017b70022e00, 0x0000017b7001f980, 0x0000017b700213c0,
0x0000017b70021a50, 0x0000017b70020010, 0x0000017b6b80cf30, 0x0000017b6b80d5c0,
0x0000017b6b80ae60, 0x0000017b6b80b4f0, 0x0000017b6b80bb80, 0x0000017b6b80c210,
0x0000017b6b80c8a0, 0x0000017b6f304ca0, 0x0000017b6f305330, 0x0000017b6f3059c0,
0x0000017b6f303f80, 0x0000017b6f307400, 0x0000017b6f307a90, 0x0000017b6f306050,
0x0000017b6f304610, 0x0000017b6f3087b0, 0x0000017b6f308e40, 0x0000017b6f30a880,
0x0000017b6f3094d0, 0x0000017b6f309b60, 0x0000017b6f30af10, 0x0000017b6f30a1f0,
0x0000017b6f30b5a0, 0x0000017b6f308120, 0x0000017b6e2deaa0, 0x0000017b6e2df130,
0x0000017b6e2dd060
}

Java Threads: ( => current thread )
  0x0000017b4c78fe60 JavaThread "main"                              [_thread_blocked, id=45688, stack(0x0000004b04f00000,0x0000004b05000000) (1024K)]
  0x0000017b63219380 JavaThread "Reference Handler"          daemon [_thread_blocked, id=37996, stack(0x0000004b05300000,0x0000004b05400000) (1024K)]
  0x0000017b6321a680 JavaThread "Finalizer"                  daemon [_thread_blocked, id=36948, stack(0x0000004b05400000,0x0000004b05500000) (1024K)]
  0x0000017b63220d20 JavaThread "Signal Dispatcher"          daemon [_thread_blocked, id=35008, stack(0x0000004b05500000,0x0000004b05600000) (1024K)]
  0x0000017b63222c40 JavaThread "Attach Listener"            daemon [_thread_blocked, id=48172, stack(0x0000004b05600000,0x0000004b05700000) (1024K)]
  0x0000017b63224dc0 JavaThread "Service Thread"             daemon [_thread_blocked, id=22856, stack(0x0000004b05700000,0x0000004b05800000) (1024K)]
  0x0000017b63229be0 JavaThread "Monitor Deflation Thread"   daemon [_thread_blocked, id=39736, stack(0x0000004b05800000,0x0000004b05900000) (1024K)]
=>0x0000017b645f53e0 JavaThread "C2 CompilerThread0"         daemon [_thread_in_native, id=37192, stack(0x0000004b05900000,0x0000004b05a00000) (1024K)]
  0x0000017b645e5ac0 JavaThread "C1 CompilerThread0"         daemon [_thread_blocked, id=32408, stack(0x0000004b05a00000,0x0000004b05b00000) (1024K)]
  0x0000017b64868550 JavaThread "Common-Cleaner"             daemon [_thread_blocked, id=38204, stack(0x0000004b05c00000,0x0000004b05d00000) (1024K)]
  0x0000017b648413f0 JavaThread "Notification Thread"        daemon [_thread_blocked, id=38188, stack(0x0000004b05e00000,0x0000004b05f00000) (1024K)]
  0x0000017b6a745f80 JavaThread "Active Thread: Equinox Container: 38658c1e-b7cf-43bd-8b10-13cc71cf75f7"        [_thread_blocked, id=44072, stack(0x0000004b06600000,0x0000004b06700000) (1024K)]
  0x0000017b6a6f06e0 JavaThread "Refresh Thread: Equinox Container: 38658c1e-b7cf-43bd-8b10-13cc71cf75f7" daemon [_thread_blocked, id=11352, stack(0x0000004b06800000,0x0000004b06900000) (1024K)]
  0x0000017b6aa3b030 JavaThread "Framework Event Dispatcher: Equinox Container: 38658c1e-b7cf-43bd-8b10-13cc71cf75f7" daemon [_thread_blocked, id=36016, stack(0x0000004b06900000,0x0000004b06a00000) (1024K)]
  0x0000017b6a9b1650 JavaThread "Start Level: Equinox Container: 38658c1e-b7cf-43bd-8b10-13cc71cf75f7" daemon [_thread_blocked, id=39836, stack(0x0000004b05f00000,0x0000004b06000000) (1024K)]
  0x0000017b6aed7f80 JavaThread "Bundle File Closer"         daemon [_thread_blocked, id=40384, stack(0x0000004b06e00000,0x0000004b06f00000) (1024K)]
  0x0000017b6b1fee80 JavaThread "SCR Component Actor"        daemon [_thread_blocked, id=1968, stack(0x0000004b06a00000,0x0000004b06b00000) (1024K)]
  0x0000017b6a09fdf0 JavaThread "Worker-JM"                         [_thread_blocked, id=46976, stack(0x0000004b07000000,0x0000004b07100000) (1024K)]
  0x0000017b6a0a0480 JavaThread "Worker-0: Check JDK Index"         [_thread_blocked, id=48828, stack(0x0000004b07300000,0x0000004b07400000) (1024K)]
  0x0000017b6a09ea40 JavaThread "Worker-1"                          [_thread_blocked, id=46684, stack(0x0000004b07400000,0x0000004b07500000) (1024K)]
  0x0000017b6a09f760 JavaThread "Java indexing"              daemon [_thread_in_Java, id=43856, stack(0x0000004b07500000,0x0000004b07600000) (1024K)]
  0x0000017b6a09f0d0 JavaThread "Worker-2"                          [_thread_blocked, id=2280, stack(0x0000004b07600000,0x0000004b07700000) (1024K)]
  0x0000017b6a09d000 JavaThread "Worker-3: Initialize Workspace"        [_thread_blocked, id=44732, stack(0x0000004b07700000,0x0000004b07800000) (1024K)]
  0x0000017b6a09d690 JavaThread "JNA Cleaner"                daemon [_thread_blocked, id=47164, stack(0x0000004b07800000,0x0000004b07900000) (1024K)]
  0x0000017b6a09dd20 JavaThread "Worker-4: Java indexing... "        [_thread_blocked, id=38100, stack(0x0000004b07b00000,0x0000004b07c00000) (1024K)]
  0x0000017b6cf894a0 JavaThread "Worker-5"                          [_thread_blocked, id=47704, stack(0x0000004b07c00000,0x0000004b07d00000) (1024K)]
  0x0000017b6cf8a1c0 JavaThread "Thread-1"                   daemon [_thread_in_native, id=37152, stack(0x0000004b07d00000,0x0000004b07e00000) (1024K)]
  0x0000017b6cf89b30 JavaThread "Thread-2"                   daemon [_thread_in_native, id=34976, stack(0x0000004b07e00000,0x0000004b07f00000) (1024K)]
  0x0000017b6cf8aee0 JavaThread "Thread-3"                   daemon [_thread_in_native, id=16680, stack(0x0000004b07f00000,0x0000004b08000000) (1024K)]
  0x0000017b6cf88e10 JavaThread "Thread-4"                   daemon [_thread_in_native, id=1136, stack(0x0000004b08000000,0x0000004b08100000) (1024K)]
  0x0000017b6cf880f0 JavaThread "Thread-5"                   daemon [_thread_in_native, id=48972, stack(0x0000004b08100000,0x0000004b08200000) (1024K)]
  0x0000017b6cf8a850 JavaThread "Thread-6"                   daemon [_thread_in_native, id=34700, stack(0x0000004b08200000,0x0000004b08300000) (1024K)]
  0x0000017b6cf8b570 JavaThread "Thread-7"                   daemon [_thread_in_native, id=46640, stack(0x0000004b08300000,0x0000004b08400000) (1024K)]
  0x0000017b6cf88780 JavaThread "Thread-8"                   daemon [_thread_in_native, id=42052, stack(0x0000004b08400000,0x0000004b08500000) (1024K)]
  0x0000017b6c11c500 JavaThread "Thread-9"                   daemon [_thread_in_native, id=36860, stack(0x0000004b08500000,0x0000004b08600000) (1024K)]
  0x0000017b6c11f2f0 JavaThread "Thread-10"                  daemon [_thread_in_native, id=44140, stack(0x0000004b08600000,0x0000004b08700000) (1024K)]
  0x0000017b6c11cb90 JavaThread "Thread-11"                  daemon [_thread_in_native, id=40004, stack(0x0000004b08700000,0x0000004b08800000) (1024K)]
  0x0000017b6c11d8b0 JavaThread "Thread-12"                  daemon [_thread_in_native, id=25164, stack(0x0000004b08800000,0x0000004b08900000) (1024K)]
  0x0000017b6c1206a0 JavaThread "Thread-13"                  daemon [_thread_in_native, id=42112, stack(0x0000004b08900000,0x0000004b08a00000) (1024K)]
  0x0000017b6c11ec60 JavaThread "Thread-14"                  daemon [_thread_in_native, id=11296, stack(0x0000004b08a00000,0x0000004b08b00000) (1024K)]
  0x0000017b6c11d220 JavaThread "Thread-15"                  daemon [_thread_in_native, id=41860, stack(0x0000004b08b00000,0x0000004b08c00000) (1024K)]
  0x0000017b6c1213c0 JavaThread "Thread-16"                  daemon [_thread_in_native, id=45864, stack(0x0000004b08c00000,0x0000004b08d00000) (1024K)]
  0x0000017b6c11f980 JavaThread "Thread-17"                  daemon [_thread_in_native, id=37672, stack(0x0000004b08d00000,0x0000004b08e00000) (1024K)]
  0x0000017b6c11df40 JavaThread "pool-2-thread-1"                   [_thread_blocked, id=10180, stack(0x0000004b08e00000,0x0000004b08f00000) (1024K)]
  0x0000017b6c120d30 JavaThread "WorkspaceEventsHandler"            [_thread_blocked, id=32952, stack(0x0000004b09000000,0x0000004b09100000) (1024K)]
  0x0000017b6c11e5d0 JavaThread "pool-1-thread-1"                   [_thread_blocked, id=48544, stack(0x0000004b09100000,0x0000004b09200000) (1024K)]
  0x0000017b6c0b6700 JavaThread "Worker-6"                          [_thread_blocked, id=46960, stack(0x0000004b08f00000,0x0000004b09000000) (1024K)]
  0x0000017b6c0b4630 JavaThread "PatternSearchJob-worker-1"  daemon [_thread_blocked, id=42820, stack(0x0000004b09600000,0x0000004b09700000) (1024K)]
  0x0000017b6c0b8140 JavaThread "ForkJoinPool.commonPool-worker-1" daemon [_thread_blocked, id=10656, stack(0x0000004b05d00000,0x0000004b05e00000) (1024K)]
  0x0000017b6c0b94f0 JavaThread "ForkJoinPool.commonPool-worker-2" daemon [_thread_blocked, id=33360, stack(0x0000004b06f00000,0x0000004b07000000) (1024K)]
  0x0000017b6c0ba8a0 JavaThread "ForkJoinPool.commonPool-worker-3" daemon [_thread_blocked, id=8484, stack(0x0000004b09300000,0x0000004b09400000) (1024K)]
  0x0000017b6c0b9b80 JavaThread "ForkJoinPool.commonPool-worker-4" daemon [_thread_blocked, id=28044, stack(0x0000004b09400000,0x0000004b09500000) (1024K)]
  0x0000017b6c0ba210 JavaThread "ForkJoinPool.commonPool-worker-5" daemon [_thread_blocked, id=41784, stack(0x0000004b09500000,0x0000004b09600000) (1024K)]
  0x0000017b6c123490 JavaThread "ForkJoinPool.commonPool-worker-6" daemon [_thread_blocked, id=46536, stack(0x0000004b09700000,0x0000004b09800000) (1024K)]
  0x0000017b6a50ed40 JavaThread "ForkJoinPool.commonPool-worker-7" daemon [_thread_blocked, id=48236, stack(0x0000004b09800000,0x0000004b09900000) (1024K)]
  0x0000017b6aeda710 JavaThread "ForkJoinPool.commonPool-worker-8" daemon [_thread_blocked, id=30680, stack(0x0000004b09900000,0x0000004b09a00000) (1024K)]
  0x0000017b6aedb430 JavaThread "ForkJoinPool.commonPool-worker-9" daemon [_thread_blocked, id=34812, stack(0x0000004b09b00000,0x0000004b09c00000) (1024K)]
  0x0000017b6aedbac0 JavaThread "ForkJoinPool.commonPool-worker-10" daemon [_thread_blocked, id=48372, stack(0x0000004b09c00000,0x0000004b09d00000) (1024K)]
  0x0000017b6aed8640 JavaThread "ForkJoinPool.commonPool-worker-11" daemon [_thread_blocked, id=45968, stack(0x0000004b09d00000,0x0000004b09e00000) (1024K)]
  0x0000017b6aedc150 JavaThread "Worker-7"                          [_thread_blocked, id=10256, stack(0x0000004b09a00000,0x0000004b09b00000) (1024K)]
  0x0000017b6aedada0 JavaThread "Worker-8"                          [_thread_blocked, id=48112, stack(0x0000004b09e00000,0x0000004b09f00000) (1024K)]
  0x0000017b6aed99f0 JavaThread "Worker-9"                          [_thread_blocked, id=34992, stack(0x0000004b09f00000,0x0000004b0a000000) (1024K)]
  0x0000017b6aedc7e0 JavaThread "LocalFile Deleter"          daemon [_thread_blocked, id=41036, stack(0x0000004b05b00000,0x0000004b05c00000) (1024K)]
  0x0000017b6aed9360 JavaThread "LocalFile Deleter"          daemon [_thread_blocked, id=45888, stack(0x0000004b0a000000,0x0000004b0a100000) (1024K)]
  0x0000017b6aedd500 JavaThread "LocalFile Deleter"          daemon [_thread_blocked, id=42872, stack(0x0000004b0a100000,0x0000004b0a200000) (1024K)]
  0x0000017b6aede8b0 JavaThread "LocalFile Deleter"          daemon [_thread_blocked, id=42612, stack(0x0000004b0a200000,0x0000004b0a300000) (1024K)]
  0x0000017b6aedef40 JavaThread "LocalFile Deleter"          daemon [_thread_blocked, id=32936, stack(0x0000004b0a300000,0x0000004b0a400000) (1024K)]
  0x0000017b6aedf5d0 JavaThread "LocalFile Deleter"          daemon [_thread_blocked, id=8096, stack(0x0000004b0a400000,0x0000004b0a500000) (1024K)]
  0x0000017b6aeddb90 JavaThread "LocalFile Deleter"          daemon [_thread_blocked, id=27824, stack(0x0000004b0a500000,0x0000004b0a600000) (1024K)]
  0x0000017b6aedfc60 JavaThread "Compiler Source File Reader" daemon [_thread_blocked, id=46776, stack(0x0000004b0a600000,0x0000004b0a700000) (1024K)]
  0x0000017b6aedce70 JavaThread "Compiler Processing Task"   daemon [_thread_blocked, id=29784, stack(0x0000004b0a700000,0x0000004b0a800000) (1024K)]
  0x0000017b6aede220 JavaThread "Compiler Class File Writer" daemon [_thread_blocked, id=43112, stack(0x0000004b0a800000,0x0000004b0a900000) (1024K)]
  0x0000017b700220e0 JavaThread "Compiler Source File Reader" daemon [_thread_blocked, id=5412, stack(0x0000004b0a900000,0x0000004b0aa00000) (1024K)]
  0x0000017b70022770 JavaThread "Compiler Class File Writer" daemon [_thread_blocked, id=18700, stack(0x0000004b0aa00000,0x0000004b0ab00000) (1024K)]
  0x0000017b70020d30 JavaThread "LocalFile Deleter"          daemon [_thread_blocked, id=39008, stack(0x0000004b0ac00000,0x0000004b0ad00000) (1024K)]
  0x0000017b700206a0 JavaThread "LocalFile Deleter"          daemon [_thread_blocked, id=22852, stack(0x0000004b0ad00000,0x0000004b0ae00000) (1024K)]
  0x0000017b70022e00 JavaThread "LocalFile Deleter"          daemon [_thread_blocked, id=45468, stack(0x0000004b0ae00000,0x0000004b0af00000) (1024K)]
  0x0000017b7001f980 JavaThread "LocalFile Deleter"          daemon [_thread_blocked, id=46000, stack(0x0000004b0af00000,0x0000004b0b000000) (1024K)]
  0x0000017b700213c0 JavaThread "LocalFile Deleter"          daemon [_thread_blocked, id=36164, stack(0x0000004b0b000000,0x0000004b0b100000) (1024K)]
  0x0000017b70021a50 JavaThread "LocalFile Deleter"          daemon [_thread_blocked, id=44328, stack(0x0000004b0b100000,0x0000004b0b200000) (1024K)]
  0x0000017b70020010 JavaThread "LocalFile Deleter"          daemon [_thread_blocked, id=18292, stack(0x0000004b0b200000,0x0000004b0b300000) (1024K)]
  0x0000017b6b80cf30 JavaThread "LocalFile Deleter"          daemon [_thread_blocked, id=43188, stack(0x0000004b0b300000,0x0000004b0b400000) (1024K)]
  0x0000017b6b80d5c0 JavaThread "LocalFile Deleter"          daemon [_thread_blocked, id=42840, stack(0x0000004b0b400000,0x0000004b0b500000) (1024K)]
  0x0000017b6b80ae60 JavaThread "Compiler Source File Reader" daemon [_thread_blocked, id=42076, stack(0x0000004b0b500000,0x0000004b0b600000) (1024K)]
  0x0000017b6b80b4f0 JavaThread "Compiler Source File Reader" daemon [_thread_blocked, id=31856, stack(0x0000004b0b600000,0x0000004b0b700000) (1024K)]
  0x0000017b6b80bb80 JavaThread "Compiler Source File Reader" daemon [_thread_blocked, id=6696, stack(0x0000004b0b700000,0x0000004b0b800000) (1024K)]
  0x0000017b6b80c210 JavaThread "Compiler Source File Reader" daemon [_thread_blocked, id=23140, stack(0x0000004b0b800000,0x0000004b0b900000) (1024K)]
  0x0000017b6b80c8a0 JavaThread "Compiler Source File Reader" daemon [_thread_blocked, id=39132, stack(0x0000004b0b900000,0x0000004b0ba00000) (1024K)]
  0x0000017b6f304ca0 JavaThread "Compiler Source File Reader" daemon [_thread_blocked, id=44420, stack(0x0000004b0ba00000,0x0000004b0bb00000) (1024K)]
  0x0000017b6f305330 JavaThread "Compiler Source File Reader" daemon [_thread_blocked, id=42048, stack(0x0000004b0bb00000,0x0000004b0bc00000) (1024K)]
  0x0000017b6f3059c0 JavaThread "Compiler Source File Reader" daemon [_thread_blocked, id=31536, stack(0x0000004b0bc00000,0x0000004b0bd00000) (1024K)]
  0x0000017b6f303f80 JavaThread "Compiler Source File Reader" daemon [_thread_blocked, id=43840, stack(0x0000004b0bd00000,0x0000004b0be00000) (1024K)]
  0x0000017b6f307400 JavaThread "Compiler Source File Reader" daemon [_thread_blocked, id=18760, stack(0x0000004b0be00000,0x0000004b0bf00000) (1024K)]
  0x0000017b6f307a90 JavaThread "Compiler Source File Reader" daemon [_thread_blocked, id=48764, stack(0x0000004b0bf00000,0x0000004b0c000000) (1024K)]
  0x0000017b6f306050 JavaThread "Compiler Source File Reader" daemon [_thread_blocked, id=14252, stack(0x0000004b0c000000,0x0000004b0c100000) (1024K)]
  0x0000017b6f304610 JavaThread "Compiler Class File Writer" daemon [_thread_blocked, id=49140, stack(0x0000004b04c00000,0x0000004b04d00000) (1024K)]
  0x0000017b6f3087b0 JavaThread "Compiler Class File Writer" daemon [_thread_blocked, id=37476, stack(0x0000004b04d00000,0x0000004b04e00000) (1024K)]
  0x0000017b6f308e40 JavaThread "Compiler Class File Writer" daemon [_thread_blocked, id=35116, stack(0x0000004b04e00000,0x0000004b04f00000) (1024K)]
  0x0000017b6f30a880 JavaThread "Compiler Class File Writer" daemon [_thread_blocked, id=46164, stack(0x0000004b0c100000,0x0000004b0c200000) (1024K)]
  0x0000017b6f3094d0 JavaThread "Compiler Class File Writer" daemon [_thread_blocked, id=47604, stack(0x0000004b0c200000,0x0000004b0c300000) (1024K)]
  0x0000017b6f309b60 JavaThread "Compiler Class File Writer" daemon [_thread_blocked, id=23896, stack(0x0000004b0c300000,0x0000004b0c400000) (1024K)]
  0x0000017b6f30af10 JavaThread "Compiler Class File Writer" daemon [_thread_blocked, id=26432, stack(0x0000004b0c400000,0x0000004b0c500000) (1024K)]
  0x0000017b6f30a1f0 JavaThread "Compiler Class File Writer" daemon [_thread_blocked, id=28784, stack(0x0000004b0c500000,0x0000004b0c600000) (1024K)]
  0x0000017b6f30b5a0 JavaThread "Compiler Class File Writer" daemon [_thread_blocked, id=46344, stack(0x0000004b0c600000,0x0000004b0c700000) (1024K)]
  0x0000017b6f308120 JavaThread "Compiler Class File Writer" daemon [_thread_blocked, id=49124, stack(0x0000004b0c700000,0x0000004b0c800000) (1024K)]
  0x0000017b6e2deaa0 JavaThread "Compiler Class File Writer" daemon [_thread_blocked, id=47000, stack(0x0000004b0c800000,0x0000004b0c900000) (1024K)]
  0x0000017b6e2df130 JavaThread "Compiler Class File Writer" daemon [_thread_blocked, id=30180, stack(0x0000004b0c900000,0x0000004b0ca00000) (1024K)]
  0x0000017b6e2dd060 JavaThread "Worker-10"                         [_thread_blocked, id=18824, stack(0x0000004b0cb00000,0x0000004b0cc00000) (1024K)]
  0x0000017b6b608400 JavaThread "C2 CompilerThread1"         daemon [_thread_new, id=40080, stack(0x0000000000000000,0x0000000000000000) (0B)]
Total: 109

Other Threads:
  0x0000017b645e4ba0 VMThread "VM Thread"                           [id=7384, stack(0x0000004b05200000,0x0000004b05300000) (1024K)]
  0x0000017b6310ca00 WatcherThread "VM Periodic Task Thread"        [id=25024, stack(0x0000004b05100000,0x0000004b05200000) (1024K)]
  0x0000017b4c7a7240 WorkerThread "GC Thread#0"                     [id=17124, stack(0x0000004b05000000,0x0000004b05100000) (1024K)]
  0x0000017b6a51a9e0 WorkerThread "GC Thread#1"                     [id=4048, stack(0x0000004b06000000,0x0000004b06100000) (1024K)]
  0x0000017b6a061a00 WorkerThread "GC Thread#2"                     [id=48588, stack(0x0000004b06100000,0x0000004b06200000) (1024K)]
  0x0000017b6a061db0 WorkerThread "GC Thread#3"                     [id=48116, stack(0x0000004b06200000,0x0000004b06300000) (1024K)]
  0x0000017b6a6e2330 WorkerThread "GC Thread#4"                     [id=14772, stack(0x0000004b06300000,0x0000004b06400000) (1024K)]
  0x0000017b6a1cb930 WorkerThread "GC Thread#5"                     [id=11416, stack(0x0000004b06400000,0x0000004b06500000) (1024K)]
  0x0000017b6a5c8fe0 WorkerThread "GC Thread#6"                     [id=23360, stack(0x0000004b06500000,0x0000004b06600000) (1024K)]
  0x0000017b6a5c8880 WorkerThread "GC Thread#7"                     [id=46932, stack(0x0000004b06700000,0x0000004b06800000) (1024K)]
  0x0000017b6a5c9740 WorkerThread "GC Thread#8"                     [id=10652, stack(0x0000004b06b00000,0x0000004b06c00000) (1024K)]
  0x0000017b6a5c8c30 WorkerThread "GC Thread#9"                     [id=6364, stack(0x0000004b06c00000,0x0000004b06d00000) (1024K)]
  0x0000017b6a5c9390 WorkerThread "GC Thread#10"                    [id=41352, stack(0x0000004b06d00000,0x0000004b06e00000) (1024K)]
  0x0000017b6a5fe190 WorkerThread "GC Thread#11"                    [id=43448, stack(0x0000004b07100000,0x0000004b07200000) (1024K)]
  0x0000017b6a5fd680 WorkerThread "GC Thread#12"                    [id=29892, stack(0x0000004b07200000,0x0000004b07300000) (1024K)]
Total: 15

Threads with active compile tasks:
C2 CompilerThread0  68375 19067 %     4       org.eclipse.jdt.internal.core.search.indexing.BinaryIndexer::extractReferenceFromConstantPool @ 15 (358 bytes)
Total: 1

VM state: not at safepoint (normal execution)

VM Mutex/Monitor currently owned by a thread: None

Heap address: 0x0000000080000000, size: 2048 MB, Compressed Oops mode: 32-bit

CDS archive(s) mapped at: [0x0000017b00000000-0x0000017b00ba0000-0x0000017b00ba0000), size 12189696, SharedBaseAddress: 0x0000017b00000000, ArchiveRelocationMode: 1.
Compressed class space mapped at: 0x0000017b01000000-0x0000017b41000000, reserved size: 1073741824
Narrow klass base: 0x0000017b00000000, Narrow klass shift: 0, Narrow klass range: 0x100000000

GC Precious Log:
 CardTable entry size: 512
 CPUs: 16 total, 16 available
 Memory: 16202M
 Large Page Support: Disabled
 NUMA Support: Disabled
 Compressed Oops: Enabled (32-bit)
 Alignments: Space 512K, Generation 512K, Heap 2M
 Heap Min Capacity: 100M
 Heap Initial Capacity: 100M
 Heap Max Capacity: 2G
 Pre-touch: Disabled
 Parallel Workers: 13

Heap:
 PSYoungGen      total 4608K, used 4203K [0x00000000d5580000, 0x00000000d5b00000, 0x0000000100000000)
  eden space 3584K, 99% used [0x00000000d5580000,0x00000000d5900000,0x00000000d5900000)
  from space 1024K, 63% used [0x00000000d5900000,0x00000000d59a3008,0x00000000d5a00000)
  to   space 1024K, 0% used [0x00000000d5a00000,0x00000000d5a00000,0x00000000d5b00000)
 ParOldGen       total 836608K, used 266861K [0x0000000080000000, 0x00000000b3100000, 0x00000000d5580000)
  object space 836608K, 31% used [0x0000000080000000,0x000000009049b6f0,0x00000000b3100000)
 Metaspace       used 78766K, committed 80576K, reserved 1179648K
  class space    used 8155K, committed 8960K, reserved 1048576K

Card table byte_map: [0x0000017b4c120000,0x0000017b4c530000] _byte_map_base: 0x0000017b4bd20000

Marking Bits: (ParMarkBitMap*) 0x00007ffed2434460
 Begin Bits: [0x0000017b5ec30000, 0x0000017b60c30000)
 End Bits:   [0x0000017b60c30000, 0x0000017b62c30000)

Polling page: 0x0000017b4a9d0000

Metaspace:

Usage:
  Non-class:     68.96 MB used.
      Class:      7.96 MB used.
       Both:     76.92 MB used.

Virtual space:
  Non-class space:      128.00 MB reserved,      69.94 MB ( 55%) committed,  2 nodes.
      Class space:        1.00 GB reserved,       8.75 MB ( <1%) committed,  1 nodes.
             Both:        1.12 GB reserved,      78.69 MB (  7%) committed. 

Chunk freelists:
   Non-Class:  9.81 MB
       Class:  7.28 MB
        Both:  17.09 MB

MaxMetaspaceSize: unlimited
CompressedClassSpaceSize: 1.00 GB
Initial GC threshold: 21.00 MB
Current GC threshold: 129.31 MB
CDS: on
 - commit_granule_bytes: 65536.
 - commit_granule_words: 8192.
 - virtual_space_node_default_size: 8388608.
 - enlarge_chunks_in_place: 1.
 - use_allocation_guard: 0.


Internal statistics:

num_allocs_failed_limit: 9.
num_arena_births: 1390.
num_arena_deaths: 50.
num_vsnodes_births: 3.
num_vsnodes_deaths: 0.
num_space_committed: 1259.
num_space_uncommitted: 0.
num_chunks_returned_to_freelist: 75.
num_chunks_taken_from_freelist: 5093.
num_chunk_merges: 20.
num_chunk_splits: 3083.
num_chunks_enlarged: 1736.
num_inconsistent_stats: 0.

CodeHeap 'non-profiled nmethods': size=119168Kb used=13808Kb max_used=14543Kb free=105360Kb
 bounds [0x0000017b57520000, 0x0000017b58360000, 0x0000017b5e980000]
CodeHeap 'profiled nmethods': size=119104Kb used=39991Kb max_used=43425Kb free=79112Kb
 bounds [0x0000017b4f980000, 0x0000017b52400000, 0x0000017b56dd0000]
CodeHeap 'non-nmethods': size=7488Kb used=1477Kb max_used=3229Kb free=6010Kb
 bounds [0x0000017b56dd0000, 0x0000017b57100000, 0x0000017b57520000]
CodeCache: size=245760Kb, used=55276Kb, max_used=61197Kb, free=190482Kb
 total_blobs=17764, nmethods=16972, adapters=695, full_count=0
Compilation: enabled, stopped_count=0, restarted_count=0

Compilation events (20 events):
Event: 66.654 Thread 0x0000017b6b6061f0 19061       2       org.eclipse.jdt.internal.core.SourceRefElementInfo::<init> (5 bytes)
Event: 66.654 Thread 0x0000017b6b6061f0 nmethod 19061 0x0000017b5047dd10 code [0x0000017b5047dea0, 0x0000017b5047dfa8]
Event: 66.828 Thread 0x0000017b645f53e0 nmethod 18799 0x0000017b576fcb10 code [0x0000017b576fd620, 0x0000017b57707408]
Event: 66.832 Thread 0x0000017b645f53e0 18693       4       org.eclipse.jdt.internal.compiler.classfmt.MethodInfo::createMethod (710 bytes)
Event: 66.907 Thread 0x0000017b645e5ac0 19066  s    3       org.eclipse.jdt.internal.compiler.classfmt.MethodInfo::readModifierRelatedAttributes (213 bytes)
Event: 66.908 Thread 0x0000017b645f53e0 nmethod 18693 0x0000017b577a7d10 code [0x0000017b577a7fe0, 0x0000017b577aa628]
Event: 66.908 Thread 0x0000017b645e5ac0 nmethod 19066 0x0000017b4fdede10 code [0x0000017b4fdee080, 0x0000017b4fdeeea0]
Event: 66.909 Thread 0x0000017b645f53e0 19067 %     4       org.eclipse.jdt.internal.core.search.indexing.BinaryIndexer::extractReferenceFromConstantPool @ 15 (358 bytes)
Event: 66.912 Thread 0x0000017b645e5ac0 19068       3       org.eclipse.jdt.internal.compiler.classfmt.ClassFileReader::getMemberTypes (151 bytes)
Event: 66.913 Thread 0x0000017b645e5ac0 nmethod 19068 0x0000017b4fdbe610 code [0x0000017b4fdbe820, 0x0000017b4fdbf0b0]
Event: 66.953 Thread 0x0000017b6b6061f0 19069       2       java.io.Writer::<init> (10 bytes)
Event: 66.953 Thread 0x0000017b6b6061f0 nmethod 19069 0x0000017b5049cc90 code [0x0000017b5049ce20, 0x0000017b5049cf40]
Event: 67.014 Thread 0x0000017b6b6061f0 19073   !   3       java.io.BufferedWriter::write (70 bytes)
Event: 67.014 Thread 0x0000017b645e5ac0 19074       3       java.io.BufferedWriter::implWrite (43 bytes)
Event: 67.015 Thread 0x0000017b645e5ac0 nmethod 19074 0x0000017b4fc64e10 code [0x0000017b4fc65000, 0x0000017b4fc65390]
Event: 67.015 Thread 0x0000017b6b6061f0 nmethod 19073 0x0000017b4fe93c90 code [0x0000017b4fe93f40, 0x0000017b4fe94d80]
Event: 67.100 Thread 0x0000017b645e5ac0 19076       3       org.eclipse.jdt.internal.core.search.indexing.BinaryIndexer::addBinaryStandardAnnotations (238 bytes)
Event: 67.104 Thread 0x0000017b645e5ac0 nmethod 19076 0x0000017b4fa67610 code [0x0000017b4fa67c60, 0x0000017b4fa6b560]
Event: 67.170 Thread 0x0000017b6b6061f0 19077       3       org.eclipse.jdt.internal.compiler.classfmt.ClassFileStruct::utf8At (171 bytes)
Event: 67.171 Thread 0x0000017b6b6061f0 nmethod 19077 0x0000017b50470c10 code [0x0000017b50470de0, 0x0000017b50471338]

GC Heap History (20 events):
Event: 67.038 GC heap before
{Heap before GC invocations=1822 (full 4):
 PSYoungGen      total 4608K, used 4288K [0x00000000d5580000, 0x00000000d5b80000, 0x0000000100000000)
  eden space 3584K, 100% used [0x00000000d5580000,0x00000000d5900000,0x00000000d5900000)
  from space 1024K, 68% used [0x00000000d5900000,0x00000000d59b0000,0x00000000d5a00000)
  to   space 1024K, 0% used [0x00000000d5a80000,0x00000000d5a80000,0x00000000d5b80000)
 ParOldGen       total 836608K, used 261528K [0x0000000080000000, 0x00000000b3100000, 0x00000000d5580000)
  object space 836608K, 31% used [0x0000000080000000,0x000000008ff662c8,0x00000000b3100000)
 Metaspace       used 78766K, committed 80576K, reserved 1179648K
  class space    used 8155K, committed 8960K, reserved 1048576K
}
Event: 67.039 GC heap after
{Heap after GC invocations=1822 (full 4):
 PSYoungGen      total 4096K, used 480K [0x00000000d5580000, 0x00000000d5b00000, 0x0000000100000000)
  eden space 3584K, 0% used [0x00000000d5580000,0x00000000d5580000,0x00000000d5900000)
  from space 512K, 93% used [0x00000000d5a80000,0x00000000d5af8000,0x00000000d5b00000)
  to   space 1024K, 0% used [0x00000000d5900000,0x00000000d5900000,0x00000000d5a00000)
 ParOldGen       total 836608K, used 262067K [0x0000000080000000, 0x00000000b3100000, 0x00000000d5580000)
  object space 836608K, 31% used [0x0000000080000000,0x000000008ffeced0,0x00000000b3100000)
 Metaspace       used 78766K, committed 80576K, reserved 1179648K
  class space    used 8155K, committed 8960K, reserved 1048576K
}
Event: 67.063 GC heap before
{Heap before GC invocations=1823 (full 4):
 PSYoungGen      total 4096K, used 4064K [0x00000000d5580000, 0x00000000d5b00000, 0x0000000100000000)
  eden space 3584K, 100% used [0x00000000d5580000,0x00000000d5900000,0x00000000d5900000)
  from space 512K, 93% used [0x00000000d5a80000,0x00000000d5af8000,0x00000000d5b00000)
  to   space 1024K, 0% used [0x00000000d5900000,0x00000000d5900000,0x00000000d5a00000)
 ParOldGen       total 836608K, used 262067K [0x0000000080000000, 0x00000000b3100000, 0x00000000d5580000)
  object space 836608K, 31% used [0x0000000080000000,0x000000008ffeced0,0x00000000b3100000)
 Metaspace       used 78766K, committed 80576K, reserved 1179648K
  class space    used 8155K, committed 8960K, reserved 1048576K
}
Event: 67.064 GC heap after
{Heap after GC invocations=1823 (full 4):
 PSYoungGen      total 4608K, used 640K [0x00000000d5580000, 0x00000000d5b00000, 0x0000000100000000)
  eden space 3584K, 0% used [0x00000000d5580000,0x00000000d5580000,0x00000000d5900000)
  from space 1024K, 62% used [0x00000000d5900000,0x00000000d59a0000,0x00000000d5a00000)
  to   space 1024K, 0% used [0x00000000d5a00000,0x00000000d5a00000,0x00000000d5b00000)
 ParOldGen       total 836608K, used 262459K [0x0000000080000000, 0x00000000b3100000, 0x00000000d5580000)
  object space 836608K, 31% used [0x0000000080000000,0x000000009004eed0,0x00000000b3100000)
 Metaspace       used 78766K, committed 80576K, reserved 1179648K
  class space    used 8155K, committed 8960K, reserved 1048576K
}
Event: 67.085 GC heap before
{Heap before GC invocations=1824 (full 4):
 PSYoungGen      total 4608K, used 4224K [0x00000000d5580000, 0x00000000d5b00000, 0x0000000100000000)
  eden space 3584K, 100% used [0x00000000d5580000,0x00000000d5900000,0x00000000d5900000)
  from space 1024K, 62% used [0x00000000d5900000,0x00000000d59a0000,0x00000000d5a00000)
  to   space 1024K, 0% used [0x00000000d5a00000,0x00000000d5a00000,0x00000000d5b00000)
 ParOldGen       total 836608K, used 262459K [0x0000000080000000, 0x00000000b3100000, 0x00000000d5580000)
  object space 836608K, 31% used [0x0000000080000000,0x000000009004eed0,0x00000000b3100000)
 Metaspace       used 78766K, committed 80576K, reserved 1179648K
  class space    used 8155K, committed 8960K, reserved 1048576K
}
Event: 67.086 GC heap after
{Heap after GC invocations=1824 (full 4):
 PSYoungGen      total 4608K, used 544K [0x00000000d5580000, 0x00000000d5b00000, 0x0000000100000000)
  eden space 3584K, 0% used [0x00000000d5580000,0x00000000d5580000,0x00000000d5900000)
  from space 1024K, 53% used [0x00000000d5a00000,0x00000000d5a88000,0x00000000d5b00000)
  to   space 1024K, 0% used [0x00000000d5900000,0x00000000d5900000,0x00000000d5a00000)
 ParOldGen       total 836608K, used 262902K [0x0000000080000000, 0x00000000b3100000, 0x00000000d5580000)
  object space 836608K, 31% used [0x0000000080000000,0x00000000900bdad8,0x00000000b3100000)
 Metaspace       used 78766K, committed 80576K, reserved 1179648K
  class space    used 8155K, committed 8960K, reserved 1048576K
}
Event: 67.136 GC heap before
{Heap before GC invocations=1825 (full 4):
 PSYoungGen      total 4608K, used 4114K [0x00000000d5580000, 0x00000000d5b00000, 0x0000000100000000)
  eden space 3584K, 99% used [0x00000000d5580000,0x00000000d58fcbd8,0x00000000d5900000)
  from space 1024K, 53% used [0x00000000d5a00000,0x00000000d5a88000,0x00000000d5b00000)
  to   space 1024K, 0% used [0x00000000d5900000,0x00000000d5900000,0x00000000d5a00000)
 ParOldGen       total 836608K, used 262902K [0x0000000080000000, 0x00000000b3100000, 0x00000000d5580000)
  object space 836608K, 31% used [0x0000000080000000,0x00000000900bdad8,0x00000000b3100000)
 Metaspace       used 78766K, committed 80576K, reserved 1179648K
  class space    used 8155K, committed 8960K, reserved 1048576K
}
Event: 67.139 GC heap after
{Heap after GC invocations=1825 (full 4):
 PSYoungGen      total 4608K, used 662K [0x00000000d5580000, 0x00000000d5b00000, 0x0000000100000000)
  eden space 3584K, 0% used [0x00000000d5580000,0x00000000d5580000,0x00000000d5900000)
  from space 1024K, 64% used [0x00000000d5900000,0x00000000d59a5808,0x00000000d5a00000)
  to   space 1024K, 0% used [0x00000000d5a00000,0x00000000d5a00000,0x00000000d5b00000)
 ParOldGen       total 836608K, used 263366K [0x0000000080000000, 0x00000000b3100000, 0x00000000d5580000)
  object space 836608K, 31% used [0x0000000080000000,0x0000000090131ad8,0x00000000b3100000)
 Metaspace       used 78766K, committed 80576K, reserved 1179648K
  class space    used 8155K, committed 8960K, reserved 1048576K
}
Event: 67.185 GC heap before
{Heap before GC invocations=1826 (full 4):
 PSYoungGen      total 4608K, used 4246K [0x00000000d5580000, 0x00000000d5b00000, 0x0000000100000000)
  eden space 3584K, 100% used [0x00000000d5580000,0x00000000d5900000,0x00000000d5900000)
  from space 1024K, 64% used [0x00000000d5900000,0x00000000d59a5808,0x00000000d5a00000)
  to   space 1024K, 0% used [0x00000000d5a00000,0x00000000d5a00000,0x00000000d5b00000)
 ParOldGen       total 836608K, used 263366K [0x0000000080000000, 0x00000000b3100000, 0x00000000d5580000)
  object space 836608K, 31% used [0x0000000080000000,0x0000000090131ad8,0x00000000b3100000)
 Metaspace       used 78766K, committed 80576K, reserved 1179648K
  class space    used 8155K, committed 8960K, reserved 1048576K
}
Event: 67.187 GC heap after
{Heap after GC invocations=1826 (full 4):
 PSYoungGen      total 4608K, used 963K [0x00000000d5580000, 0x00000000d5b00000, 0x0000000100000000)
  eden space 3584K, 0% used [0x00000000d5580000,0x00000000d5580000,0x00000000d5900000)
  from space 1024K, 94% used [0x00000000d5a00000,0x00000000d5af0c00,0x00000000d5b00000)
  to   space 1024K, 0% used [0x00000000d5900000,0x00000000d5900000,0x00000000d5a00000)
 ParOldGen       total 836608K, used 263836K [0x0000000080000000, 0x00000000b3100000, 0x00000000d5580000)
  object space 836608K, 31% used [0x0000000080000000,0x00000000901a72e0,0x00000000b3100000)
 Metaspace       used 78766K, committed 80576K, reserved 1179648K
  class space    used 8155K, committed 8960K, reserved 1048576K
}
Event: 67.224 GC heap before
{Heap before GC invocations=1827 (full 4):
 PSYoungGen      total 4608K, used 4547K [0x00000000d5580000, 0x00000000d5b00000, 0x0000000100000000)
  eden space 3584K, 100% used [0x00000000d5580000,0x00000000d5900000,0x00000000d5900000)
  from space 1024K, 94% used [0x00000000d5a00000,0x00000000d5af0c00,0x00000000d5b00000)
  to   space 1024K, 0% used [0x00000000d5900000,0x00000000d5900000,0x00000000d5a00000)
 ParOldGen       total 836608K, used 263836K [0x0000000080000000, 0x00000000b3100000, 0x00000000d5580000)
  object space 836608K, 31% used [0x0000000080000000,0x00000000901a72e0,0x00000000b3100000)
 Metaspace       used 78766K, committed 80576K, reserved 1179648K
  class space    used 8155K, committed 8960K, reserved 1048576K
}
Event: 67.225 GC heap after
{Heap after GC invocations=1827 (full 4):
 PSYoungGen      total 4608K, used 704K [0x00000000d5580000, 0x00000000d5b00000, 0x0000000100000000)
  eden space 3584K, 0% used [0x00000000d5580000,0x00000000d5580000,0x00000000d5900000)
  from space 1024K, 68% used [0x00000000d5900000,0x00000000d59b0000,0x00000000d5a00000)
  to   space 1024K, 0% used [0x00000000d5a00000,0x00000000d5a00000,0x00000000d5b00000)
 ParOldGen       total 836608K, used 264180K [0x0000000080000000, 0x00000000b3100000, 0x00000000d5580000)
  object space 836608K, 31% used [0x0000000080000000,0x00000000901fd2e0,0x00000000b3100000)
 Metaspace       used 78766K, committed 80576K, reserved 1179648K
  class space    used 8155K, committed 8960K, reserved 1048576K
}
Event: 67.243 GC heap before
{Heap before GC invocations=1828 (full 4):
 PSYoungGen      total 4608K, used 4288K [0x00000000d5580000, 0x00000000d5b00000, 0x0000000100000000)
  eden space 3584K, 100% used [0x00000000d5580000,0x00000000d5900000,0x00000000d5900000)
  from space 1024K, 68% used [0x00000000d5900000,0x00000000d59b0000,0x00000000d5a00000)
  to   space 1024K, 0% used [0x00000000d5a00000,0x00000000d5a00000,0x00000000d5b00000)
 ParOldGen       total 836608K, used 264180K [0x0000000080000000, 0x00000000b3100000, 0x00000000d5580000)
  object space 836608K, 31% used [0x0000000080000000,0x00000000901fd2e0,0x00000000b3100000)
 Metaspace       used 78766K, committed 80576K, reserved 1179648K
  class space    used 8155K, committed 8960K, reserved 1048576K
}
Event: 67.245 GC heap after
{Heap after GC invocations=1828 (full 4):
 PSYoungGen      total 4608K, used 576K [0x00000000d5580000, 0x00000000d5b00000, 0x0000000100000000)
  eden space 3584K, 0% used [0x00000000d5580000,0x00000000d5580000,0x00000000d5900000)
  from space 1024K, 56% used [0x00000000d5a00000,0x00000000d5a90000,0x00000000d5b00000)
  to   space 1024K, 0% used [0x00000000d5900000,0x00000000d5900000,0x00000000d5a00000)
 ParOldGen       total 836608K, used 264628K [0x0000000080000000, 0x00000000b3100000, 0x00000000d5580000)
  object space 836608K, 31% used [0x0000000080000000,0x000000009026d2e0,0x00000000b3100000)
 Metaspace       used 78766K, committed 80576K, reserved 1179648K
  class space    used 8155K, committed 8960K, reserved 1048576K
}
Event: 67.265 GC heap before
{Heap before GC invocations=1829 (full 4):
 PSYoungGen      total 4608K, used 4160K [0x00000000d5580000, 0x00000000d5b00000, 0x0000000100000000)
  eden space 3584K, 100% used [0x00000000d5580000,0x00000000d5900000,0x00000000d5900000)
  from space 1024K, 56% used [0x00000000d5a00000,0x00000000d5a90000,0x00000000d5b00000)
  to   space 1024K, 0% used [0x00000000d5900000,0x00000000d5900000,0x00000000d5a00000)
 ParOldGen       total 836608K, used 264628K [0x0000000080000000, 0x00000000b3100000, 0x00000000d5580000)
  object space 836608K, 31% used [0x0000000080000000,0x000000009026d2e0,0x00000000b3100000)
 Metaspace       used 78766K, committed 80576K, reserved 1179648K
  class space    used 8155K, committed 8960K, reserved 1048576K
}
Event: 67.267 GC heap after
{Heap after GC invocations=1829 (full 4):
 PSYoungGen      total 4608K, used 480K [0x00000000d5580000, 0x00000000d5b00000, 0x0000000100000000)
  eden space 3584K, 0% used [0x00000000d5580000,0x00000000d5580000,0x00000000d5900000)
  from space 1024K, 46% used [0x00000000d5900000,0x00000000d5978000,0x00000000d5a00000)
  to   space 1024K, 0% used [0x00000000d5a00000,0x00000000d5a00000,0x00000000d5b00000)
 ParOldGen       total 836608K, used 265047K [0x0000000080000000, 0x00000000b3100000, 0x00000000d5580000)
  object space 836608K, 31% used [0x0000000080000000,0x00000000902d5ee8,0x00000000b3100000)
 Metaspace       used 78766K, committed 80576K, reserved 1179648K
  class space    used 8155K, committed 8960K, reserved 1048576K
}
Event: 67.284 GC heap before
{Heap before GC invocations=1830 (full 4):
 PSYoungGen      total 4608K, used 4064K [0x00000000d5580000, 0x00000000d5b00000, 0x0000000100000000)
  eden space 3584K, 100% used [0x00000000d5580000,0x00000000d5900000,0x00000000d5900000)
  from space 1024K, 46% used [0x00000000d5900000,0x00000000d5978000,0x00000000d5a00000)
  to   space 1024K, 0% used [0x00000000d5a00000,0x00000000d5a00000,0x00000000d5b00000)
 ParOldGen       total 836608K, used 265047K [0x0000000080000000, 0x00000000b3100000, 0x00000000d5580000)
  object space 836608K, 31% used [0x0000000080000000,0x00000000902d5ee8,0x00000000b3100000)
 Metaspace       used 78766K, committed 80576K, reserved 1179648K
  class space    used 8155K, committed 8960K, reserved 1048576K
}
Event: 67.285 GC heap after
{Heap after GC invocations=1830 (full 4):
 PSYoungGen      total 4608K, used 758K [0x00000000d5580000, 0x00000000d5b00000, 0x0000000100000000)
  eden space 3584K, 0% used [0x00000000d5580000,0x00000000d5580000,0x00000000d5900000)
  from space 1024K, 74% used [0x00000000d5a00000,0x00000000d5abd808,0x00000000d5b00000)
  to   space 1024K, 0% used [0x00000000d5900000,0x00000000d5900000,0x00000000d5a00000)
 ParOldGen       total 836608K, used 265383K [0x0000000080000000, 0x00000000b3100000, 0x00000000d5580000)
  object space 836608K, 31% used [0x0000000080000000,0x0000000090329ee8,0x00000000b3100000)
 Metaspace       used 78766K, committed 80576K, reserved 1179648K
  class space    used 8155K, committed 8960K, reserved 1048576K
}
Event: 67.303 GC heap before
{Heap before GC invocations=1831 (full 4):
 PSYoungGen      total 4608K, used 4342K [0x00000000d5580000, 0x00000000d5b00000, 0x0000000100000000)
  eden space 3584K, 100% used [0x00000000d5580000,0x00000000d5900000,0x00000000d5900000)
  from space 1024K, 74% used [0x00000000d5a00000,0x00000000d5abd808,0x00000000d5b00000)
  to   space 1024K, 0% used [0x00000000d5900000,0x00000000d5900000,0x00000000d5a00000)
 ParOldGen       total 836608K, used 265383K [0x0000000080000000, 0x00000000b3100000, 0x00000000d5580000)
  object space 836608K, 31% used [0x0000000080000000,0x0000000090329ee8,0x00000000b3100000)
 Metaspace       used 78766K, committed 80576K, reserved 1179648K
  class space    used 8155K, committed 8960K, reserved 1048576K
}
Event: 67.305 GC heap after
{Heap after GC invocations=1831 (full 4):
 PSYoungGen      total 4608K, used 576K [0x00000000d5580000, 0x00000000d5b00000, 0x0000000100000000)
  eden space 3584K, 0% used [0x00000000d5580000,0x00000000d5580000,0x00000000d5900000)
  from space 1024K, 56% used [0x00000000d5900000,0x00000000d5990000,0x00000000d5a00000)
  to   space 1024K, 0% used [0x00000000d5a00000,0x00000000d5a00000,0x00000000d5b00000)
 ParOldGen       total 836608K, used 265845K [0x0000000080000000, 0x00000000b3100000, 0x00000000d5580000)
  object space 836608K, 31% used [0x0000000080000000,0x000000009039d6f0,0x00000000b3100000)
 Metaspace       used 78766K, committed 80576K, reserved 1179648K
  class space    used 8155K, committed 8960K, reserved 1048576K
}

Dll operation events (14 events):
Event: 0.017 Loaded shared library c:\Users\nikslap\.vscode\extensions\redhat.java-1.55.0-win32-x64\jre\21.0.11-win32-x86_64\bin\java.dll
Event: 0.111 Loaded shared library c:\Users\nikslap\.vscode\extensions\redhat.java-1.55.0-win32-x64\jre\21.0.11-win32-x86_64\bin\zip.dll
Event: 0.142 Loaded shared library C:\Users\nikslap\.vscode\extensions\redhat.java-1.55.0-win32-x64\jre\21.0.11-win32-x86_64\bin\instrument.dll
Event: 0.150 Loaded shared library C:\Users\nikslap\.vscode\extensions\redhat.java-1.55.0-win32-x64\jre\21.0.11-win32-x86_64\bin\net.dll
Event: 0.236 Loaded shared library C:\Users\nikslap\.vscode\extensions\redhat.java-1.55.0-win32-x64\jre\21.0.11-win32-x86_64\bin\nio.dll
Event: 0.242 Loaded shared library C:\Users\nikslap\.vscode\extensions\redhat.java-1.55.0-win32-x64\jre\21.0.11-win32-x86_64\bin\zip.dll
Event: 0.271 Loaded shared library C:\Users\nikslap\.vscode\extensions\redhat.java-1.55.0-win32-x64\jre\21.0.11-win32-x86_64\bin\jimage.dll
Event: 0.446 Loaded shared library c:\Users\nikslap\.vscode\extensions\redhat.java-1.55.0-win32-x64\jre\21.0.11-win32-x86_64\bin\verify.dll
Event: 2.307 Loaded shared library C:\Users\nikslap\AppData\Roaming\Code\User\globalStorage\redhat.java\1.55.0\config_win\org.eclipse.equinox.launcher\org.eclipse.equinox.launcher.win32.win32.x86_64_1.3.100.v20260613-0559\eclipse_11924.dll
Event: 6.314 Loaded shared library C:\Users\nikslap\.vscode\extensions\redhat.java-1.55.0-win32-x64\jre\21.0.11-win32-x86_64\bin\management.dll
Event: 6.318 Loaded shared library C:\Users\nikslap\.vscode\extensions\redhat.java-1.55.0-win32-x64\jre\21.0.11-win32-x86_64\bin\management_ext.dll
Event: 8.586 Loaded shared library C:\Users\nikslap\AppData\Local\Temp\jna-1949567576\jna652787599888529622.dll
Event: 8.880 Loaded shared library C:\Users\nikslap\.vscode\extensions\redhat.java-1.55.0-win32-x64\jre\21.0.11-win32-x86_64\bin\sunmscapi.dll
Event: 9.442 Loaded shared library C:\Users\nikslap\.vscode\extensions\redhat.java-1.55.0-win32-x64\jre\21.0.11-win32-x86_64\bin\extnet.dll

Deoptimization events (20 events):
Event: 67.275 Thread 0x0000017b6a09f760 DEOPT PACKING pc=0x0000017b50471242 sp=0x0000004b075feb20
Event: 67.275 Thread 0x0000017b6a09f760 DEOPT UNPACKING pc=0x0000017b56e24242 sp=0x0000004b075fdf90 mode 0
Event: 67.277 Thread 0x0000017b6a09f760 DEOPT PACKING pc=0x0000017b50471242 sp=0x0000004b075fe990
Event: 67.277 Thread 0x0000017b6a09f760 DEOPT UNPACKING pc=0x0000017b56e24242 sp=0x0000004b075fde00 mode 0
Event: 67.279 Thread 0x0000017b6a09f760 DEOPT PACKING pc=0x0000017b50471242 sp=0x0000004b075fec90
Event: 67.280 Thread 0x0000017b6a09f760 DEOPT UNPACKING pc=0x0000017b56e24242 sp=0x0000004b075fe118 mode 0
Event: 67.283 Thread 0x0000017b6a09f760 DEOPT PACKING pc=0x0000017b50471242 sp=0x0000004b075fec00
Event: 67.283 Thread 0x0000017b6a09f760 DEOPT UNPACKING pc=0x0000017b56e24242 sp=0x0000004b075fe070 mode 0
Event: 67.290 Thread 0x0000017b6a09f760 DEOPT PACKING pc=0x0000017b50471242 sp=0x0000004b075fecf0
Event: 67.290 Thread 0x0000017b6a09f760 DEOPT UNPACKING pc=0x0000017b56e24242 sp=0x0000004b075fe160 mode 0
Event: 67.296 Thread 0x0000017b6a09f760 DEOPT PACKING pc=0x0000017b50471242 sp=0x0000004b075fed00
Event: 67.296 Thread 0x0000017b6a09f760 DEOPT UNPACKING pc=0x0000017b56e24242 sp=0x0000004b075fe170 mode 0
Event: 67.300 Thread 0x0000017b6a09f760 DEOPT PACKING pc=0x0000017b50471242 sp=0x0000004b075fec20
Event: 67.300 Thread 0x0000017b6a09f760 DEOPT UNPACKING pc=0x0000017b56e24242 sp=0x0000004b075fe090 mode 0
Event: 67.306 Thread 0x0000017b6a09f760 DEOPT PACKING pc=0x0000017b50471242 sp=0x0000004b075fec20
Event: 67.306 Thread 0x0000017b6a09f760 DEOPT UNPACKING pc=0x0000017b56e24242 sp=0x0000004b075fe090 mode 0
Event: 67.310 Thread 0x0000017b6a09f760 DEOPT PACKING pc=0x0000017b50471242 sp=0x0000004b075fecf0
Event: 67.310 Thread 0x0000017b6a09f760 DEOPT UNPACKING pc=0x0000017b56e24242 sp=0x0000004b075fe160 mode 0
Event: 67.314 Thread 0x0000017b6a09f760 DEOPT PACKING pc=0x0000017b50471242 sp=0x0000004b075fec00
Event: 67.314 Thread 0x0000017b6a09f760 DEOPT UNPACKING pc=0x0000017b56e24242 sp=0x0000004b075fe070 mode 0

Classes loaded (20 events):
Event: 54.844 Loading class java/util/concurrent/ConcurrentHashMap$KeySpliterator
Event: 54.844 Loading class java/util/concurrent/ConcurrentHashMap$KeySpliterator done
Event: 57.150 Loading class java/io/CharArrayWriter
Event: 57.150 Loading class java/io/CharArrayWriter done
Event: 57.294 Loading class java/nio/file/attribute/PosixFileAttributes
Event: 57.294 Loading class java/nio/file/attribute/PosixFileAttributes done
Event: 60.236 Loading class jdk/internal/module/IllegalAccessLogger
Event: 60.236 Loading class jdk/internal/module/IllegalAccessLogger done
Event: 62.317 Loading class jdk/internal/module/IllegalAccessLogger
Event: 62.317 Loading class jdk/internal/module/IllegalAccessLogger done
Event: 63.145 Loading class jdk/internal/module/IllegalAccessLogger
Event: 63.145 Loading class jdk/internal/module/IllegalAccessLogger done
Event: 63.450 Loading class jdk/internal/module/IllegalAccessLogger
Event: 63.450 Loading class jdk/internal/module/IllegalAccessLogger done
Event: 64.742 Loading class jdk/internal/module/IllegalAccessLogger
Event: 64.742 Loading class jdk/internal/module/IllegalAccessLogger done
Event: 64.946 Loading class jdk/internal/module/IllegalAccessLogger
Event: 64.946 Loading class jdk/internal/module/IllegalAccessLogger done
Event: 65.570 Loading class jdk/internal/module/IllegalAccessLogger
Event: 65.571 Loading class jdk/internal/module/IllegalAccessLogger done

Classes unloaded (20 events):
Event: 7.272 Thread 0x0000017b645e4ba0 Unloading class 0x0000017b011a2400 'java/lang/invoke/LambdaForm$DMH+0x0000017b011a2400'
Event: 7.272 Thread 0x0000017b645e4ba0 Unloading class 0x0000017b011a1000 'java/lang/invoke/LambdaForm$DMH+0x0000017b011a1000'
Event: 8.930 Thread 0x0000017b645e4ba0 Unloading class 0x0000017b012fa000 'java/lang/invoke/LambdaForm$MH+0x0000017b012fa000'
Event: 8.930 Thread 0x0000017b645e4ba0 Unloading class 0x0000017b012f9400 'java/lang/invoke/LambdaForm$MH+0x0000017b012f9400'
Event: 8.930 Thread 0x0000017b645e4ba0 Unloading class 0x0000017b012f9000 'java/lang/invoke/LambdaForm$MH+0x0000017b012f9000'
Event: 8.930 Thread 0x0000017b645e4ba0 Unloading class 0x0000017b012f8400 'java/lang/invoke/LambdaForm$MH+0x0000017b012f8400'
Event: 8.930 Thread 0x0000017b645e4ba0 Unloading class 0x0000017b012f8000 'java/lang/invoke/LambdaForm$DMH+0x0000017b012f8000'
Event: 8.930 Thread 0x0000017b645e4ba0 Unloading class 0x0000017b012f3400 'java/lang/invoke/LambdaForm$MH+0x0000017b012f3400'
Event: 8.930 Thread 0x0000017b645e4ba0 Unloading class 0x0000017b012ef800 'java/lang/invoke/LambdaForm$MH+0x0000017b012ef800'
Event: 8.930 Thread 0x0000017b645e4ba0 Unloading class 0x0000017b012eec00 'java/lang/invoke/LambdaForm$MH+0x0000017b012eec00'
Event: 8.930 Thread 0x0000017b645e4ba0 Unloading class 0x0000017b012ee400 'java/lang/invoke/LambdaForm$MH+0x0000017b012ee400'
Event: 8.930 Thread 0x0000017b645e4ba0 Unloading class 0x0000017b012edc00 'java/lang/invoke/LambdaForm$MH+0x0000017b012edc00'
Event: 8.930 Thread 0x0000017b645e4ba0 Unloading class 0x0000017b012ed400 'java/lang/invoke/LambdaForm$MH+0x0000017b012ed400'
Event: 8.930 Thread 0x0000017b645e4ba0 Unloading class 0x0000017b012ecc00 'java/lang/invoke/LambdaForm$MH+0x0000017b012ecc00'
Event: 8.930 Thread 0x0000017b645e4ba0 Unloading class 0x0000017b012ec400 'java/lang/invoke/LambdaForm$MH+0x0000017b012ec400'
Event: 8.930 Thread 0x0000017b645e4ba0 Unloading class 0x0000017b012e9800 'java/lang/invoke/LambdaForm$DMH+0x0000017b012e9800'
Event: 16.677 Thread 0x0000017b645e4ba0 Unloading class 0x0000017b016bac00 'java/lang/invoke/LambdaForm$DMH+0x0000017b016bac00'
Event: 16.677 Thread 0x0000017b645e4ba0 Unloading class 0x0000017b016ba000 'java/lang/invoke/LambdaForm$DMH+0x0000017b016ba000'
Event: 16.677 Thread 0x0000017b645e4ba0 Unloading class 0x0000017b016ba800 'java/lang/invoke/LambdaForm$DMH+0x0000017b016ba800'
Event: 16.677 Thread 0x0000017b645e4ba0 Unloading class 0x0000017b016ba400 'java/lang/invoke/LambdaForm$DMH+0x0000017b016ba400'

Classes redefined (0 events):
No events

Internal exceptions (20 events):
Event: 65.365 Thread 0x0000017b6a09f760 Exception <a 'sun/nio/fs/WindowsException'{0x00000000d56e8480}> (0x00000000d56e8480) 
thrown [s\src\hotspot\share\prims\jni.cpp, line 520]
Event: 65.384 Thread 0x0000017b6a09f760 Exception <a 'sun/nio/fs/WindowsException'{0x00000000d570b3c0}> (0x00000000d570b3c0) 
thrown [s\src\hotspot\share\prims\jni.cpp, line 520]
Event: 65.649 Thread 0x0000017b6a09f760 Exception <a 'sun/nio/fs/WindowsException'{0x00000000d57c0e40}> (0x00000000d57c0e40) 
thrown [s\src\hotspot\share\prims\jni.cpp, line 520]
Event: 65.988 Thread 0x0000017b6a09f760 Exception <a 'sun/nio/fs/WindowsException'{0x00000000d575aef0}> (0x00000000d575aef0) 
thrown [s\src\hotspot\share\prims\jni.cpp, line 520]
Event: 66.011 Thread 0x0000017b6a09f760 Exception <a 'sun/nio/fs/WindowsException'{0x00000000d576e580}> (0x00000000d576e580) 
thrown [s\src\hotspot\share\prims\jni.cpp, line 520]
Event: 66.061 Thread 0x0000017b6a09f760 Exception <a 'sun/nio/fs/WindowsException'{0x00000000d58a7cd8}> (0x00000000d58a7cd8) 
thrown [s\src\hotspot\share\prims\jni.cpp, line 520]
Event: 66.090 Thread 0x0000017b6aedc150 Exception <a 'sun/nio/fs/WindowsException'{0x00000000d568fb88}> (0x00000000d568fb88) 
thrown [s\src\hotspot\share\prims\jni.cpp, line 520]
Event: 66.090 Thread 0x0000017b6aedc150 Exception <a 'sun/nio/fs/WindowsException'{0x00000000d56901b8}> (0x00000000d56901b8) 
thrown [s\src\hotspot\share\prims\jni.cpp, line 520]
Event: 66.100 Thread 0x0000017b6a09f760 Exception <a 'sun/nio/fs/WindowsException'{0x00000000d57849c0}> (0x00000000d57849c0) 
thrown [s\src\hotspot\share\prims\jni.cpp, line 520]
Event: 66.298 Thread 0x0000017b6a09f760 Exception <a 'sun/nio/fs/WindowsException'{0x00000000d55fb580}> (0x00000000d55fb580) 
thrown [s\src\hotspot\share\prims\jni.cpp, line 520]
Event: 66.314 Thread 0x0000017b6a09f760 Exception <a 'sun/nio/fs/WindowsException'{0x00000000d5689e10}> (0x00000000d5689e10) 
thrown [s\src\hotspot\share\prims\jni.cpp, line 520]
Event: 66.373 Thread 0x0000017b6a09f760 Exception <a 'sun/nio/fs/WindowsException'{0x00000000d58fd560}> (0x00000000d58fd560) 
thrown [s\src\hotspot\share\prims\jni.cpp, line 520]
Event: 66.413 Thread 0x0000017b6a09f760 Exception <a 'sun/nio/fs/WindowsException'{0x00000000d5806f28}> (0x00000000d5806f28) 
thrown [s\src\hotspot\share\prims\jni.cpp, line 520]
Event: 66.475 Thread 0x0000017b6a09f760 Exception <a 'sun/nio/fs/WindowsException'{0x00000000d576dec8}> (0x00000000d576dec8) 
thrown [s\src\hotspot\share\prims\jni.cpp, line 520]
Event: 66.568 Thread 0x0000017b6c0b6700 Exception <a 'java/lang/NoSuchMethodError'{0x00000000d566f7f0}: 'java.lang.Object java.lang.invoke.DirectMethodHandle$Holder.invokeStatic(java.lang.Object, java.lang.Object, int, java.lang.Object)'> (0x00000000d566f7f0) 
thrown [s\src\hotspot\share\interpreter\linkResolver.cpp, line 773]
Event: 66.881 Thread 0x0000017b6a09f760 Exception <a 'sun/nio/fs/WindowsException'{0x00000000d56b0cb0}> (0x00000000d56b0cb0) 
thrown [s\src\hotspot\share\prims\jni.cpp, line 520]
Event: 66.889 Thread 0x0000017b6a09f760 Exception <a 'sun/nio/fs/WindowsException'{0x00000000d56c84e0}> (0x00000000d56c84e0) 
thrown [s\src\hotspot\share\prims\jni.cpp, line 520]
Event: 66.901 Thread 0x0000017b6a09f760 Exception <a 'sun/nio/fs/WindowsException'{0x00000000d56d8438}> (0x00000000d56d8438) 
thrown [s\src\hotspot\share\prims\jni.cpp, line 520]
Event: 67.011 Thread 0x0000017b6a09f760 Exception <a 'sun/nio/fs/WindowsException'{0x00000000d562ccb0}> (0x00000000d562ccb0) 
thrown [s\src\hotspot\share\prims\jni.cpp, line 520]
Event: 67.196 Thread 0x0000017b6a09f760 Exception <a 'sun/nio/fs/WindowsException'{0x00000000d55907d8}> (0x00000000d55907d8) 
thrown [s\src\hotspot\share\prims\jni.cpp, line 520]

ZGC Phase Switch (0 events):
No events

VM Operations (20 events):
Event: 67.038 Executing safepoint VM operation: ParallelGCFailedAllocation (Allocation Failure)
Event: 67.039 Executing safepoint VM operation: ParallelGCFailedAllocation (Allocation Failure) done
Event: 67.063 Executing safepoint VM operation: ParallelGCFailedAllocation (Allocation Failure)
Event: 67.064 Executing safepoint VM operation: ParallelGCFailedAllocation (Allocation Failure) done
Event: 67.085 Executing safepoint VM operation: ParallelGCFailedAllocation (Allocation Failure)
Event: 67.086 Executing safepoint VM operation: ParallelGCFailedAllocation (Allocation Failure) done
Event: 67.136 Executing safepoint VM operation: ParallelGCFailedAllocation (Allocation Failure)
Event: 67.139 Executing safepoint VM operation: ParallelGCFailedAllocation (Allocation Failure) done
Event: 67.185 Executing safepoint VM operation: ParallelGCFailedAllocation (Allocation Failure)
Event: 67.187 Executing safepoint VM operation: ParallelGCFailedAllocation (Allocation Failure) done
Event: 67.224 Executing safepoint VM operation: ParallelGCFailedAllocation (Allocation Failure)
Event: 67.225 Executing safepoint VM operation: ParallelGCFailedAllocation (Allocation Failure) done
Event: 67.243 Executing safepoint VM operation: ParallelGCFailedAllocation (Allocation Failure)
Event: 67.245 Executing safepoint VM operation: ParallelGCFailedAllocation (Allocation Failure) done
Event: 67.265 Executing safepoint VM operation: ParallelGCFailedAllocation (Allocation Failure)
Event: 67.267 Executing safepoint VM operation: ParallelGCFailedAllocation (Allocation Failure) done
Event: 67.284 Executing safepoint VM operation: ParallelGCFailedAllocation (Allocation Failure)
Event: 67.285 Executing safepoint VM operation: ParallelGCFailedAllocation (Allocation Failure) done
Event: 67.303 Executing safepoint VM operation: ParallelGCFailedAllocation (Allocation Failure)
Event: 67.305 Executing safepoint VM operation: ParallelGCFailedAllocation (Allocation Failure) done

Memory protections (0 events):
No events

Nmethod flushes (20 events):
Event: 65.844 Thread 0x0000017b645e4ba0 flushing  nmethod 0x0000017b50fef910
Event: 65.844 Thread 0x0000017b645e4ba0 flushing  nmethod 0x0000017b50ff8790
Event: 65.844 Thread 0x0000017b645e4ba0 flushing  nmethod 0x0000017b50ff9b90
Event: 65.844 Thread 0x0000017b645e4ba0 flushing  nmethod 0x0000017b5102fd10
Event: 65.844 Thread 0x0000017b645e4ba0 flushing  nmethod 0x0000017b51035990
Event: 65.844 Thread 0x0000017b645e4ba0 flushing  nmethod 0x0000017b510b6e10
Event: 65.844 Thread 0x0000017b645e4ba0 flushing  nmethod 0x0000017b510d7390
Event: 65.844 Thread 0x0000017b645e4ba0 flushing  nmethod 0x0000017b510ff610
Event: 65.844 Thread 0x0000017b645e4ba0 flushing  nmethod 0x0000017b51100710
Event: 65.844 Thread 0x0000017b645e4ba0 flushing  nmethod 0x0000017b51104090
Event: 65.844 Thread 0x0000017b645e4ba0 flushing  nmethod 0x0000017b51104410
Event: 65.844 Thread 0x0000017b645e4ba0 flushing  nmethod 0x0000017b51104a10
Event: 65.844 Thread 0x0000017b645e4ba0 flushing  nmethod 0x0000017b51106b90
Event: 65.844 Thread 0x0000017b645e4ba0 flushing  nmethod 0x0000017b5110ad90
Event: 65.844 Thread 0x0000017b645e4ba0 flushing  nmethod 0x0000017b5110b110
Event: 65.844 Thread 0x0000017b645e4ba0 flushing  nmethod 0x0000017b5110b490
Event: 65.844 Thread 0x0000017b645e4ba0 flushing  nmethod 0x0000017b5110b810
Event: 65.844 Thread 0x0000017b645e4ba0 flushing  nmethod 0x0000017b5110fa10
Event: 65.844 Thread 0x0000017b645e4ba0 flushing  nmethod 0x0000017b51114690
Event: 65.844 Thread 0x0000017b645e4ba0 flushing  nmethod 0x0000017b51138f90

Events (20 events):
Event: 65.000 Thread 0x0000017b6aedc150 Thread added: 0x0000017b6e2ddd80
Event: 65.000 Thread 0x0000017b6aedc150 Thread added: 0x0000017b6e2e25b0
Event: 65.000 Thread 0x0000017b6aedc150 Thread added: 0x0000017b6e2e04e0
Event: 65.001 Thread 0x0000017b6aedc150 Thread added: 0x0000017b6e2dfe50
Event: 65.014 Thread 0x0000017b6e2dd060 Thread exited: 0x0000017b6e2dd060
Event: 65.014 Thread 0x0000017b6e2e25b0 Thread exited: 0x0000017b6e2e25b0
Event: 65.014 Thread 0x0000017b6e2ddd80 Thread exited: 0x0000017b6e2ddd80
Event: 65.014 Thread 0x0000017b6e2dfe50 Thread exited: 0x0000017b6e2dfe50
Event: 65.014 Thread 0x0000017b6e2e04e0 Thread exited: 0x0000017b6e2e04e0
Event: 65.953 Thread 0x0000017b6aed99f0 Thread added: 0x0000017b6e2dd060
Event: 66.131 Thread 0x0000017b6aedc150 Thread added: 0x0000017b6e2e04e0
Event: 66.132 Thread 0x0000017b6aedc150 Thread added: 0x0000017b6e2ddd80
Event: 66.132 Thread 0x0000017b6aedc150 Thread added: 0x0000017b6e2e0b70
Event: 66.132 Thread 0x0000017b6aedc150 Thread added: 0x0000017b6e2e2c40
Event: 66.132 Thread 0x0000017b6aedc150 Thread added: 0x0000017b6e2dfe50
Event: 66.154 Thread 0x0000017b6e2dfe50 Thread exited: 0x0000017b6e2dfe50
Event: 66.154 Thread 0x0000017b6e2e04e0 Thread exited: 0x0000017b6e2e04e0
Event: 66.154 Thread 0x0000017b6e2e2c40 Thread exited: 0x0000017b6e2e2c40
Event: 66.154 Thread 0x0000017b6e2e0b70 Thread exited: 0x0000017b6e2e0b70
Event: 66.154 Thread 0x0000017b6e2ddd80 Thread exited: 0x0000017b6e2ddd80


Dynamic libraries:
0x00007ff791da0000 - 0x00007ff791dae000 	c:\Users\nikslap\.vscode\extensions\redhat.java-1.55.0-win32-x64\jre\21.0.11-win32-x86_64\bin\java.exe
0x00007ff829860000 - 0x00007ff829ac6000 	C:\WINDOWS\SYSTEM32\ntdll.dll
0x00007ff827c90000 - 0x00007ff827d59000 	C:\WINDOWS\System32\KERNEL32.DLL
0x00007ff826be0000 - 0x00007ff826fde000 	C:\WINDOWS\System32\KERNELBASE.dll
0x00007ff823920000 - 0x00007ff8239c0000 	C:\WINDOWS\SYSTEM32\apphelp.dll
0x00007ff826a80000 - 0x00007ff826bcc000 	C:\WINDOWS\System32\ucrtbase.dll
0x00007ffffa2f0000 - 0x00007ffffa308000 	c:\Users\nikslap\.vscode\extensions\redhat.java-1.55.0-win32-x64\jre\21.0.11-win32-x86_64\bin\jli.dll
0x00007ffff9b60000 - 0x00007ffff9b7e000 	c:\Users\nikslap\.vscode\extensions\redhat.java-1.55.0-win32-x64\jre\21.0.11-win32-x86_64\bin\VCRUNTIME140.dll
0x00007ff828230000 - 0x00007ff8283f7000 	C:\WINDOWS\System32\USER32.dll
0x00007ff827430000 - 0x00007ff827457000 	C:\WINDOWS\System32\win32u.dll
0x00007ff8297f0000 - 0x00007ff82981b000 	C:\WINDOWS\System32\GDI32.dll
0x00007ff815940000 - 0x00007ff815bd2000 	C:\WINDOWS\WinSxS\amd64_microsoft.windows.common-controls_6595b64144ccf1df_6.0.26100.8894_none_3e0f749ee32e02ea\COMCTL32.dll
0x00007ff827460000 - 0x00007ff82758a000 	C:\WINDOWS\System32\gdi32full.dll
0x00007ff827b10000 - 0x00007ff827bb9000 	C:\WINDOWS\System32\msvcrt.dll
0x00007ff8272f0000 - 0x00007ff827393000 	C:\WINDOWS\System32\msvcp_win.dll
0x00007ff8290b0000 - 0x00007ff8290e2000 	C:\WINDOWS\System32\IMM32.DLL
0x00007ffff2e80000 - 0x00007ffff2e8c000 	c:\Users\nikslap\.vscode\extensions\redhat.java-1.55.0-win32-x64\jre\21.0.11-win32-x86_64\bin\vcruntime140_1.dll
0x00007fffa5600000 - 0x00007fffa568d000 	c:\Users\nikslap\.vscode\extensions\redhat.java-1.55.0-win32-x64\jre\21.0.11-win32-x86_64\bin\msvcp140.dll
0x00007ffed1770000 - 0x00007ffed2512000 	c:\Users\nikslap\.vscode\extensions\redhat.java-1.55.0-win32-x64\jre\21.0.11-win32-x86_64\bin\server\jvm.dll
0x00007ff828820000 - 0x00007ff8288d7000 	C:\WINDOWS\System32\ADVAPI32.dll
0x00007ff827960000 - 0x00007ff827a0a000 	C:\WINDOWS\System32\sechost.dll
0x00007ff8290f0000 - 0x00007ff829208000 	C:\WINDOWS\System32\RPCRT4.dll
0x00007ff829760000 - 0x00007ff8297e0000 	C:\WINDOWS\System32\WS2_32.dll
0x00007ff8268e0000 - 0x00007ff82693e000 	C:\WINDOWS\SYSTEM32\POWRPROF.dll
0x00007ff81f1c0000 - 0x00007ff81f1cb000 	C:\WINDOWS\SYSTEM32\VERSION.dll
0x00007ff818bd0000 - 0x00007ff818c06000 	C:\WINDOWS\SYSTEM32\WINMM.dll
0x00007ff8268c0000 - 0x00007ff8268d4000 	C:\WINDOWS\SYSTEM32\UMPDC.dll
0x00007ff825760000 - 0x00007ff82577b000 	C:\WINDOWS\SYSTEM32\kernel.appcore.dll
0x00007ffff16d0000 - 0x00007ffff16da000 	c:\Users\nikslap\.vscode\extensions\redhat.java-1.55.0-win32-x64\jre\21.0.11-win32-x86_64\bin\jimage.dll
0x00007ff8170e0000 - 0x00007ff817322000 	C:\WINDOWS\SYSTEM32\DBGHELP.DLL
0x00007ff828490000 - 0x00007ff828813000 	C:\WINDOWS\System32\combase.dll
0x00007ff827870000 - 0x00007ff827949000 	C:\WINDOWS\System32\OLEAUT32.dll
0x00007ff8111c0000 - 0x00007ff8111fb000 	C:\WINDOWS\SYSTEM32\dbgcore.DLL
0x00007ff827170000 - 0x00007ff82721c000 	C:\WINDOWS\System32\bcryptPrimitives.dll
0x00007fffed880000 - 0x00007fffed88f000 	c:\Users\nikslap\.vscode\extensions\redhat.java-1.55.0-win32-x64\jre\21.0.11-win32-x86_64\bin\instrument.dll
0x00007fffe9070000 - 0x00007fffe9090000 	c:\Users\nikslap\.vscode\extensions\redhat.java-1.55.0-win32-x64\jre\21.0.11-win32-x86_64\bin\java.dll
0x00007ff828910000 - 0x00007ff8290a2000 	C:\WINDOWS\System32\SHELL32.dll
0x00007ff8244f0000 - 0x00007ff824d82000 	C:\WINDOWS\SYSTEM32\windows.storage.dll
0x00007ff827d90000 - 0x00007ff827e87000 	C:\WINDOWS\System32\SHCORE.dll
0x00007ff827a10000 - 0x00007ff827a77000 	C:\WINDOWS\System32\shlwapi.dll
0x00007ff8269a0000 - 0x00007ff8269c9000 	C:\WINDOWS\SYSTEM32\profapi.dll
0x00007fffc3060000 - 0x00007fffc3078000 	c:\Users\nikslap\.vscode\extensions\redhat.java-1.55.0-win32-x64\jre\21.0.11-win32-x86_64\bin\zip.dll
0x00007fffed870000 - 0x00007fffed880000 	C:\Users\nikslap\.vscode\extensions\redhat.java-1.55.0-win32-x64\jre\21.0.11-win32-x86_64\bin\net.dll
0x00007ff81faf0000 - 0x00007ff81fc17000 	C:\WINDOWS\SYSTEM32\WINHTTP.dll
0x00007ff825d10000 - 0x00007ff825d7c000 	C:\WINDOWS\system32\mswsock.dll
0x00007fffe6460000 - 0x00007fffe6476000 	C:\Users\nikslap\.vscode\extensions\redhat.java-1.55.0-win32-x64\jre\21.0.11-win32-x86_64\bin\nio.dll
0x00007fffc5530000 - 0x00007fffc5540000 	c:\Users\nikslap\.vscode\extensions\redhat.java-1.55.0-win32-x64\jre\21.0.11-win32-x86_64\bin\verify.dll
0x00007fffa41e0000 - 0x00007fffa4225000 	C:\Users\nikslap\AppData\Roaming\Code\User\globalStorage\redhat.java\1.55.0\config_win\org.eclipse.equinox.launcher\org.eclipse.equinox.launcher.win32.win32.x86_64_1.3.100.v20260613-0559\eclipse_11924.dll
0x00007ff827e90000 - 0x00007ff828029000 	C:\WINDOWS\System32\ole32.dll
0x00007fffc5100000 - 0x00007fffc510a000 	C:\Users\nikslap\.vscode\extensions\redhat.java-1.55.0-win32-x64\jre\21.0.11-win32-x86_64\bin\management.dll
0x00007fffc50f0000 - 0x00007fffc50fc000 	C:\Users\nikslap\.vscode\extensions\redhat.java-1.55.0-win32-x64\jre\21.0.11-win32-x86_64\bin\management_ext.dll
0x00007ff827950000 - 0x00007ff827958000 	C:\WINDOWS\System32\PSAPI.DLL
0x00007ff826010000 - 0x00007ff82602b000 	C:\WINDOWS\SYSTEM32\CRYPTSP.dll
0x00007ff8256c0000 - 0x00007ff8256f9000 	C:\WINDOWS\system32\rsaenh.dll
0x00007ff825dd0000 - 0x00007ff825e02000 	C:\WINDOWS\SYSTEM32\USERENV.dll
0x00007ff826970000 - 0x00007ff82699a000 	C:\WINDOWS\SYSTEM32\bcrypt.dll
0x00007ff826030000 - 0x00007ff82603c000 	C:\WINDOWS\SYSTEM32\CRYPTBASE.dll
0x00007ff8250e0000 - 0x00007ff825113000 	C:\WINDOWS\SYSTEM32\IPHLPAPI.DLL
0x00007ff827d60000 - 0x00007ff827d6a000 	C:\WINDOWS\System32\NSI.dll
0x00007fffa5520000 - 0x00007fffa5569000 	C:\Users\nikslap\AppData\Local\Temp\jna-1949567576\jna652787599888529622.dll
0x00007ff820c10000 - 0x00007ff820c2d000 	C:\WINDOWS\SYSTEM32\dhcpcsvc6.DLL
0x00007ff820b60000 - 0x00007ff820b85000 	C:\WINDOWS\SYSTEM32\dhcpcsvc.DLL
0x00007fffc50e0000 - 0x00007fffc50ee000 	C:\Users\nikslap\.vscode\extensions\redhat.java-1.55.0-win32-x64\jre\21.0.11-win32-x86_64\bin\sunmscapi.dll
0x00007ff826ff0000 - 0x00007ff827168000 	C:\WINDOWS\System32\CRYPT32.dll
0x00007ff826250000 - 0x00007ff826280000 	C:\WINDOWS\SYSTEM32\ncrypt.dll
0x00007ff826200000 - 0x00007ff82623f000 	C:\WINDOWS\SYSTEM32\NTASN1.dll
0x00007ff825170000 - 0x00007ff8252c6000 	C:\WINDOWS\SYSTEM32\DNSAPI.dll
0x00007ff825af0000 - 0x00007ff825afd000 	C:\WINDOWS\SYSTEM32\DSPARSE.dll
0x00007ff81f1f0000 - 0x00007ff81f1fb000 	C:\Windows\System32\rasadhlp.dll
0x00007ff820de0000 - 0x00007ff820e66000 	C:\WINDOWS\System32\fwpuclnt.dll
0x00007fffaf120000 - 0x00007fffaf129000 	C:\Users\nikslap\.vscode\extensions\redhat.java-1.55.0-win32-x64\jre\21.0.11-win32-x86_64\bin\extnet.dll
0x00007ff825890000 - 0x00007ff8258c6000 	C:\WINDOWS\SYSTEM32\ntmarta.dll

JVMTI agents:
c:\Users\nikslap\.vscode\extensions\redhat.java-1.55.0-win32-x64\lombok\lombok-1.18.39-4050.jar path:c:\Users\nikslap\.vscode\extensions\redhat.java-1.55.0-win32-x64\jre\21.0.11-win32-x86_64\bin\instrument.dll, loaded, initialized, instrumentlib options:none

dbghelp: loaded successfully - version: 4.0.5 - missing functions: none
symbol engine: initialized successfully - sym options: 0x614 - pdb path: .;c:\Users\nikslap\.vscode\extensions\redhat.java-1.55.0-win32-x64\jre\21.0.11-win32-x86_64\bin;C:\WINDOWS\SYSTEM32;C:\WINDOWS\WinSxS\amd64_microsoft.windows.common-controls_6595b64144ccf1df_6.0.26100.8894_none_3e0f749ee32e02ea;c:\Users\nikslap\.vscode\extensions\redhat.java-1.55.0-win32-x64\jre\21.0.11-win32-x86_64\bin\server;C:\Users\nikslap\AppData\Roaming\Code\User\globalStorage\redhat.java\1.55.0\config_win\org.eclipse.equinox.launcher\org.eclipse.equinox.launcher.win32.win32.x86_64_1.3.100.v20260613-0559;C:\Users\nikslap\AppData\Local\Temp\jna-1949567576

VM Arguments:
jvm_args: --add-modules=ALL-SYSTEM --add-opens=java.base/java.util=ALL-UNNAMED --add-opens=java.base/java.lang=ALL-UNNAMED --add-opens=java.base/sun.nio.fs=ALL-UNNAMED -Declipse.application=org.eclipse.jdt.ls.core.id1 -Dosgi.bundles.defaultStartLevel=4 -Declipse.product=org.eclipse.jdt.ls.core.product -Djava.import.generatesMetadataFilesAtProjectRoot=false -DDetectVMInstallationsJob.disabled=true -Dfile.encoding=utf8 -XX:+UseParallelGC -XX:GCTimeRatio=4 -XX:AdaptiveSizePolicyWeight=90 -Dsun.zip.disableMemoryMapping=true -Xmx2G -Xms100m -Xlog:disable -javaagent:c:\Users\nikslap\.vscode\extensions\redhat.java-1.55.0-win32-x64\lombok\lombok-1.18.39-4050.jar -XX:+HeapDumpOnOutOfMemoryError -XX:HeapDumpPath=c:\Users\nikslap\AppData\Roaming\Code\User\workspaceStorage\676dae2b1e927033bcc52fcc65f2629c\redhat.java -Daether.dependencyCollector.impl=bf 
java_command: c:\Users\nikslap\.vscode\extensions\redhat.java-1.55.0-win32-x64\server\plugins\org.eclipse.equinox.launcher_1.7.200.v20260619-2039.jar -configuration c:\Users\nikslap\AppData\Roaming\Code\User\globalStorage\redhat.java\1.55.0\config_win -data c:\Users\nikslap\AppData\Roaming\Code\User\workspaceStorage\676dae2b1e927033bcc52fcc65f2629c\redhat.java\jdt_ws --pipe=\\.\pipe\lsp-448503c9a68abbb978e543d155ecd114-sock
java_class_path (initial): c:\Users\nikslap\.vscode\extensions\redhat.java-1.55.0-win32-x64\server\plugins\org.eclipse.equinox.launcher_1.7.200.v20260619-2039.jar
Launcher Type: SUN_STANDARD

[Global flags]
    uintx AdaptiveSizePolicyWeight                 = 90                                        {product} {command line}
     intx CICompilerCount                          = 12                                        {product} {ergonomic}
    uintx GCTimeRatio                              = 4                                         {product} {command line}
     bool HeapDumpOnOutOfMemoryError               = true                                   {manageable} {command line}
    ccstr HeapDumpPath                             = c:\Users\nikslap\AppData\Roaming\Code\User\workspaceStorage\676dae2b1e927033bcc52fcc65f2629c\redhat.java         {manageable} {command line}
   size_t InitialHeapSize                          = 104857600                                 {product} {command line}
   size_t MaxHeapSize                              = 2147483648                                {product} {command line}
   size_t MaxNewSize                               = 715653120                                 {product} {ergonomic}
   size_t MinHeapDeltaBytes                        = 524288                                    {product} {ergonomic}
   size_t MinHeapSize                              = 104857600                                 {product} {command line}
   size_t NewSize                                  = 34603008                                  {product} {ergonomic}
    uintx NonNMethodCodeHeapSize                   = 7602480                                {pd product} {ergonomic}
    uintx NonProfiledCodeHeapSize                  = 122027880                              {pd product} {ergonomic}
   size_t OldSize                                  = 70254592                                  {product} {ergonomic}
    uintx ProfiledCodeHeapSize                     = 122027880                              {pd product} {ergonomic}
    uintx ReservedCodeCacheSize                    = 251658240                              {pd product} {ergonomic}
     bool SegmentedCodeCache                       = true                                      {product} {ergonomic}
   size_t SoftMaxHeapSize                          = 2147483648                             {manageable} {ergonomic}
     bool UseCompressedOops                        = true                           {product lp64_product} {ergonomic}
     bool UseLargePagesIndividualAllocation        = false                                  {pd product} {ergonomic}
     bool UseParallelGC                            = true                                      {product} {command line}

Logging:
Log output configuration:
 #0: stdout all=off uptime,level,tags foldmultilines=false
 #1: stderr all=off uptime,level,tags foldmultilines=false

Release file:
JAVA_VERSION="21.0.11" 
MODULES="java.base java.compiler java.datatransfer java.xml java.prefs java.desktop java.instrument java.logging java.management java.security.sasl java.naming java.rmi java.management.rmi java.net.http java.scripting java.security.jgss java.transaction.xa java.sql java.sql.rowset java.xml.crypto java.se java.smartcardio jdk.accessibility jdk.internal.jvmstat jdk.attach jdk.charsets jdk.internal.opt jdk.zipfs jdk.compiler jdk.crypto.ec jdk.crypto.cryptoki jdk.crypto.mscapi jdk.dynalink jdk.internal.ed jdk.editpad jdk.hotspot.agent jdk.httpserver jdk.internal.le jdk.internal.vm.ci jdk.internal.vm.compiler jdk.internal.vm.compiler.management jdk.jartool jdk.javadoc jdk.jcmd jdk.management jdk.management.agent jdk.jconsole jdk.jdeps jdk.jdwp.agent jdk.jdi jdk.jfr jdk.jshell jdk.jsobject jdk.jstatd jdk.localedata jdk.management.jfr jdk.naming.dns jdk.naming.rmi jdk.net jdk.nio.mapmode jdk.random jdk.sctp jdk.security.auth jdk.security.jgss jdk.unsupported jdk.unsupported.desktop jdk.xml.dom" 

Environment Variables:
PATH=D:\ProgramFiles\Python311\Scripts;D:\ProgramFiles\Python311;C:\WINDOWS\system32;C:\WINDOWS;C:\WINDOWS\System32\Wbem;C:\WINDOWS\System32\WindowsPowerShell\v1.0\;C:\WINDOWS\System32\OpenSSH\;C:\Program Files\Git\cmd;C:\Program Files\NVIDIA Corporation\NVIDIA App\NvDLISR;C:\Program Files (x86)\NVIDIA Corporation\PhysX\Common;C:\Program Files\dotnet\;C:\Program Files\jdk-17.0.12\bin;;C:\ProgramData\chocolatey\bin;C:\Program Files\Docker\Docker\resources\bin;D:\ProgramFiles\Python311\Scripts;D:\ProgramFiles\Python311;C:\WINDOWS\system32;C:\WINDOWS;C:\WINDOWS\System32\Wbem;C:\WINDOWS\System32\WindowsPowerShell\v1.0\;C:\WINDOWS\System32\OpenSSH\;C:\Program Files\Git\cmd;C:\Program Files\NVIDIA Corporation\NVIDIA App\NvDLISR;C:\Program Files (x86)\NVIDIA Corporation\PhysX\Common;C:\Program Files\dotnet\;C:\Program Files\jdk-17.0.12\bin;C:\Program Files\Docker\Docker\resources\bin;;C:\ProgramData\chocolatey\bin;C:\Users\nikslap\AppData\Local\Microsoft\WindowsApps;C:\Users\nikslap\AppData\Local\Programs\Microsoft VS Code\bin;C:\Program Files\JetBrains\IntelliJ IDEA 2026.1.4\bin;C:\ProgramData\chocolatey\bin
USERNAME=nikslap
OS=Windows_NT
PROCESSOR_IDENTIFIER=AMD64 Family 25 Model 68 Stepping 1, AuthenticAMD
TMP=C:\Users\nikslap\AppData\Local\Temp
TEMP=C:\Users\nikslap\AppData\Local\Temp




Periodic native trim disabled

---------------  S Y S T E M  ---------------

OS:
 Windows 11 , 64 bit Build 26100 (10.0.26100.8875)
OS uptime: 3 days 21:36 hours
Hyper-V role detected

CPU: total 16 (initial active 16) (16 cores per cpu, 2 threads per core) family 25 model 68 stepping 1 microcode 0xa404107, cx8, cmov, fxsr, ht, mmx, 3dnowpref, sse, sse2, sse3, ssse3, sse4a, sse4.1, sse4.2, popcnt, lzcnt, tsc, tscinvbit, avx, avx2, aes, erms, clmul, bmi1, bmi2, adx, sha, fma, vzeroupper, clflush, clflushopt, hv, rdtscp, rdpid, fsrm, f16c, cet_ss
Processor Information for processor 0
  Max Mhz: 3100, Current Mhz: 3100, Mhz Limit: 3100
Processor Information for processor 1
  Max Mhz: 3100, Current Mhz: 2523, Mhz Limit: 3100
Processor Information for processor 2
  Max Mhz: 3100, Current Mhz: 3100, Mhz Limit: 3100
Processor Information for processor 3
  Max Mhz: 3100, Current Mhz: 3100, Mhz Limit: 3100
Processor Information for processor 4
  Max Mhz: 3100, Current Mhz: 3100, Mhz Limit: 3100
Processor Information for processor 5
  Max Mhz: 3100, Current Mhz: 3100, Mhz Limit: 3100
Processor Information for processor 6
  Max Mhz: 3100, Current Mhz: 3100, Mhz Limit: 3100
Processor Information for processor 7
  Max Mhz: 3100, Current Mhz: 3100, Mhz Limit: 3100
Processor Information for processor 8
  Max Mhz: 3100, Current Mhz: 2523, Mhz Limit: 3100
Processor Information for processor 9
  Max Mhz: 3100, Current Mhz: 3100, Mhz Limit: 3100
Processor Information for processor 10
  Max Mhz: 3100, Current Mhz: 2523, Mhz Limit: 3100
Processor Information for processor 11
  Max Mhz: 3100, Current Mhz: 2523, Mhz Limit: 3100
Processor Information for processor 12
  Max Mhz: 3100, Current Mhz: 2523, Mhz Limit: 3100
Processor Information for processor 13
  Max Mhz: 3100, Current Mhz: 2523, Mhz Limit: 3100
Processor Information for processor 14
  Max Mhz: 3100, Current Mhz: 2523, Mhz Limit: 3100
Processor Information for processor 15
  Max Mhz: 3100, Current Mhz: 2523, Mhz Limit: 3100

Memory: 4k page, system-wide physical 16202M (499M free)
TotalPageFile size 41352M (AvailPageFile size 3M)
current process WorkingSet (physical memory assigned to process): 1011M, peak: 1239M
current process commit charge ("private bytes"): 1208M, peak: 1223M

vm_info: OpenJDK 64-Bit Server VM (21.0.11+10-LTS) for windows-amd64 JRE (21.0.11+10-LTS), built on 2026-04-21T00:00:00Z by "admin" with MS VC++ 17.12 (VS2022)

END.
